src/App.vue(113,1): error TS6133: 'useStorage' is declared but its value is never read.
src/components/AISettingsPanel.vue(158,10): error TS6133: 'ref' is declared but its value is never read.
src/components/CharacterCardExportDialog.vue(57,23): error TS2367: This comparison appears to be unintentional because the types '"sillytavern" | "v1" | "v2" | "v3"' and '"png"' have no overlap.
src/components/CharacterCardExportDialog.vue(116,25): error TS6133: 'computed' is declared but its value is never read.
src/components/CharacterCardPanel.vue(130,29): error TS2345: Argument of type '"open-worldbook"' is not assignable to parameter of type '"openWorldbook"'.
src/components/ImportResultPreview.vue(263,15): error TS6133: 'computed' is declared but its value is never read.
src/components/ImportResultPreview.vue(264,31): error TS6133: 'CircleCheck' is declared but its value is never read.
src/components/ImportResultPreview.vue(276,7): error TS6133: 'props' is declared but its value is never read.
src/components/ImportResultPreview.vue(329,5): error TS2322: Type '"primary"' is not assignable to type '"" | "info" | "success" | "warning" | "danger"'.
src/components/MemoryTables.vue(1547,10): error TS6133: 'syncFromProject' is declared but its value is never read.
src/components/NovelImportDialog.vue(536,7): error TS6133: 'props' is declared but its value is never read.
src/components/Outline.vue(210,33): error TS6133: 'event' is declared but its value is never read.
src/components/Outline.vue(411,33): error TS6133: 'goal' is declared but its value is never read.
src/components/Outline.vue(431,33): error TS6133: 'conflict' is declared but its value is never read.
src/components/Outline.vue(451,33): error TS6133: 'resolution' is declared but its value is never read.
src/components/Outline.vue(642,3): error TS6133: 'getTemplateByStructure' is declared but its value is never read.
src/components/Outline.vue(650,7): error TS6133: 'chapters' is declared but its value is never read.
src/components/Outline.vue(804,45): error TS6133: 'chapter' is declared but its value is never read.
src/components/Outline.vue(910,26): error TS6133: 'e' is declared but its value is never read.
src/components/Outline.vue(1054,43): error TS2345: Argument of type '{ role: string; content: string; }[]' is not assignable to parameter of type 'ChatMessage[]'.
  Type '{ role: string; content: string; }' is not assignable to type 'ChatMessage'.
    Types of property 'role' are incompatible.
      Type 'string' is not assignable to type 'MessageRole'.
src/components/PluginManager.vue(319,39): error TS2339: Property 'options' does not exist on type '{ type: "string" | "number" | "boolean" | "object" | "array"; default?: any; description?: string | undefined; required?: boolean | undefined; }'.
src/components/ProjectConfig.vue(1135,16): error TS6133: 'updateVectorIndexStatus' is declared but its value is never read.
src/components/PromptEditor.vue(265,23): error TS6133: 'prompt' is declared but its value is never read.
src/components/QualityReport.vue(374,1): error TS6133: 'Chapter' is declared but its value is never read.
src/components/QualityReport.vue(377,68): error TS6133: 'printQualityReport' is declared but its value is never read.
src/components/QualityReport.vue(651,9): error TS6133: 'format' is declared but its value is never read.
src/components/RegexScriptManager.vue(197,31): error TS2339: Property 'comment' does not exist on type '{ id?: string | undefined; scriptName?: string | undefined; disabled?: boolean | undefined; runOnEdit?: boolean | undefined; findRegex?: string | undefined; trimStrings?: string[] | undefined; ... 6 more ...; promptOnly?: boolean | undefined; }'.
src/components/RegexScriptManager.vue(250,19): error TS6133: 'rule' is declared but its value is never read.
src/components/RelationshipGraph.vue(258,5): error TS2353: Object literal may only specify known properties, and 'modes' does not exist in type 'GraphOptions'.
src/components/RelationshipGraph.vue(335,12): error TS2551: Property 'getNodes' does not exist on type 'Graph'. Did you mean 'setNode'?
src/components/RelationshipGraph.vue(335,31): error TS7006: Parameter 'node' implicitly has an 'any' type.
src/components/RelationshipGraph.vue(336,14): error TS2339: Property 'clearItemStates' does not exist on type 'Graph'.
src/components/RelationshipGraph.vue(412,9): error TS2339: Property 'changeData' does not exist on type 'Graph'.
src/components/RelationshipGraph.vue(413,17): error TS2559: Type '20' has no properties in common with type 'FitViewOptions'.
src/components/RelationshipGraph.vue(451,10): error TS2551: Property 'getEdges' does not exist on type 'Graph'. Did you mean 'setEdge'?
src/components/RelationshipGraph.vue(451,29): error TS7006: Parameter 'edge' implicitly has an 'any' type.
src/components/RelationshipGraph.vue(454,14): error TS2339: Property 'setItemState' does not exist on type 'Graph'.
src/components/RelationshipGraph.vue(456,14): error TS2339: Property 'setItemState' does not exist on type 'Graph'.
src/components/RelationshipGraph.vue(460,10): error TS2339: Property 'setItemState' does not exist on type 'Graph'.
src/components/RelationshipGraph.vue(538,12): error TS2339: Property 'setItemState' does not exist on type 'Graph'.
src/components/RelationshipGraph.vue(550,26): error TS2339: Property 'get' does not exist on type 'Graph'.
src/components/RelationshipGraph.vue(587,9): error TS2339: Property 'changeSize' does not exist on type 'Graph'.
src/components/RelationshipGraph.vue(588,17): error TS2559: Type '20' has no properties in common with type 'FitViewOptions'.
src/components/SummaryManager.vue(75,30): error TS2531: Object is possibly 'null'.
src/components/SummaryManager.vue(76,26): error TS2531: Object is possibly 'null'.
src/components/SummaryManager.vue(79,26): error TS2531: Object is possibly 'null'.
src/components/SummaryManager.vue(80,26): error TS2531: Object is possibly 'null'.
src/components/SummaryManager.vue(81,26): error TS2531: Object is possibly 'null'.
src/components/SummaryManager.vue(257,39): error TS2345: Argument of type 'import("E:/Projects/ai-novel-workshop/src/types/index").ChapterSummaryData' is not assignable to parameter of type 'import("E:/Projects/ai-novel-workshop/src/utils/summarizer").ChapterSummaryData'.
  Property 'level' is missing in type 'import("E:/Projects/ai-novel-workshop/src/types/index").ChapterSummaryData' but required in type 'import("E:/Projects/ai-novel-workshop/src/utils/summarizer").ChapterSummaryData'.
src/components/SummaryManager.vue(281,6): error TS1361: 'SummaryDetail' cannot be used as a value because it was imported using 'import type'.
src/components/SummaryManager.vue(282,6): error TS1361: 'SummaryDetail' cannot be used as a value because it was imported using 'import type'.
src/components/SummaryManager.vue(283,6): error TS1361: 'SummaryDetail' cannot be used as a value because it was imported using 'import type'.
src/components/SummaryManager.vue(284,6): error TS1361: 'SummaryDetail' cannot be used as a value because it was imported using 'import type'.
src/components/SummaryManager.vue(410,57): error TS1361: 'SummaryDetail' cannot be used as a value because it was imported using 'import type'.
src/components/TemplateLibrary.vue(376,55): error TS2345: Argument of type '{ meta: { id: string; name: string; version: string; author: string; description: string; tags: string[]; category: TemplateCategory; createdAt: Date; updatedAt: Date; rating?: number | undefined; downloads?: number | undefined; }; ... 6 more ...; exampleChapters?: { ...; }[] | undefined; } | null' is not assignable to parameter of type 'NovelTemplate'.
  Type 'null' is not assignable to type 'NovelTemplate'.
src/components/TemplateLibrary.vue(572,9): error TS2322: Type '"planning"' is not assignable to type 'TaskType'.
src/components/TimelineEditor.vue(344,21): error TS2339: Property 'DataSet' does not exist on type 'typeof import("E:/Projects/ai-novel-workshop/node_modules/vis-timeline/declarations/index")'.
src/components/TimelineEditor.vue(345,22): error TS2339: Property 'DataSet' does not exist on type 'typeof import("E:/Projects/ai-novel-workshop/node_modules/vis-timeline/declarations/index")'.
src/components/TimelineEditor.vue(398,5): error TS2322: Type 'Timeline' is not assignable to type 'VisTimeline'.
  Types of property 'on' are incompatible.
    Type '{ (event: TimelineEvents, callback?: ((properties?: any) => void) | undefined): void; (event?: string | undefined, callback?: ((properties: any) => void) | undefined): void; }' is not assignable to type '(event: string, callback: Function) => void'.
      Types of parameters 'callback' and 'callback' are incompatible.
        Type 'Function' is not assignable to type '(properties?: any) => void'.
          Type 'Function' provides no match for the signature '(properties?: any): void'.
src/components/TimelineEditor.vue(398,58): error TS2345: Argument of type 'VisDataSet | null' is not assignable to parameter of type 'DataItemCollectionType'.
  Type 'null' is not assignable to type 'DataItemCollectionType'.
src/components/TimelineEditor.vue(401,5): error TS18047: 'timeline' is possibly 'null'.
src/components/TimelineEditor.vue(402,5): error TS18047: 'timeline' is possibly 'null'.
src/components/TimelineEditor.vue(403,5): error TS18047: 'timeline' is possibly 'null'.
src/components/TimelineEditor.vue(439,38): error TS6133: 'visGroups' is declared but its value is never read.
src/components/TimelineEditor.vue(625,29): error TS2554: Expected 0 arguments, but got 1.
src/components/TimelineEditor.vue(626,22): error TS2339: Property 'data' does not exist on type 'any[]'.
src/components/TimelineEditor.vue(627,34): error TS2339: Property 'data' does not exist on type 'any[]'.
src/components/TimelineEditor.vue(639,29): error TS2554: Expected 0 arguments, but got 1.
src/components/TimelineEditor.vue(640,22): error TS2339: Property 'data' does not exist on type 'any[]'.
src/components/TimelineEditor.vue(641,33): error TS2339: Property 'data' does not exist on type 'any[]'.
src/components/TimelineEditor.vue(642,35): error TS2339: Property 'data' does not exist on type 'any[]'.
src/components/TimelineEditor.vue(700,35): error TS2554: Expected 0 arguments, but got 1.
src/components/TimelineEditor.vue(701,36): error TS2339: Property 'data' does not exist on type 'any[]'.
src/components/TimelineEditor.vue(702,39): error TS2339: Property 'data' does not exist on type 'any[]'.
src/components/TimelineEditor.vue(703,41): error TS2339: Property 'data' does not exist on type 'any[]'.
src/components/TimelineEditor.vue(714,35): error TS2554: Expected 0 arguments, but got 1.
src/components/TimelineEditor.vue(716,36): error TS2339: Property 'data' does not exist on type 'any[]'.
src/components/TimelineEditor.vue(719,23): error TS2339: Property 'data' does not exist on type 'any[]'.
src/components/TimelineEditor.vue(741,35): error TS2554: Expected 0 arguments, but got 1.
src/components/TimelineEditor.vue(742,36): error TS2339: Property 'data' does not exist on type 'any[]'.
src/components/TimelineEditor.vue(743,39): error TS2339: Property 'data' does not exist on type 'any[]'.
src/components/TimelineEditor.vue(767,9): error TS6133: 'minChapter' is declared but its value is never read.
src/components/TimelineEditor.vue(768,9): error TS6133: 'maxChapter' is declared but its value is never read.
src/components/WorldbookEntryEditor.vue(14,41): error TS2339: Property 'title' does not exist on type '{ uid: number; key: string[]; keysecondary?: string[] | undefined; content: string; comment?: string | undefined; constant?: boolean | undefined; selective?: boolean | undefined; order?: number | undefined; ... 8 more ...; novelWorkshop?: { ...; } | undefined; }'.
src/components/WorldbookEntryEditor.vue(39,51): error TS2551: Property 'keys' does not exist on type '{ uid: number; key: string[]; keysecondary?: string[] | undefined; content: string; comment?: string | undefined; constant?: boolean | undefined; selective?: boolean | undefined; order?: number | undefined; ... 8 more ...; novelWorkshop?: { ...; } | undefined; }'. Did you mean 'key'?
src/components/WorldbookEntryEditor.vue(66,42): error TS2339: Property 'group' does not exist on type '{ uid: number; key: string[]; keysecondary?: string[] | undefined; content: string; comment?: string | undefined; constant?: boolean | undefined; selective?: boolean | undefined; order?: number | undefined; ... 8 more ...; novelWorkshop?: { ...; } | undefined; }'.
src/components/WorldbookEntryEditor.vue(77,42): error TS2339: Property 'enabled' does not exist on type '{ uid: number; key: string[]; keysecondary?: string[] | undefined; content: string; comment?: string | undefined; constant?: boolean | undefined; selective?: boolean | undefined; order?: number | undefined; ... 8 more ...; novelWorkshop?: { ...; } | undefined; }'.
src/components/WorldbookEntryEditor.vue(92,49): error TS2551: Property 'keys' does not exist on type '{ uid: number; key: string[]; keysecondary?: string[] | undefined; content: string; comment?: string | undefined; constant?: boolean | undefined; selective?: boolean | undefined; order?: number | undefined; ... 8 more ...; novelWorkshop?: { ...; } | undefined; }'. Did you mean 'key'?
src/components/WorldbookEntryEditor.vue(101,47): error TS2339: Property 'keylogic' does not exist on type '{ uid: number; key: string[]; keysecondary?: string[] | undefined; content: string; comment?: string | undefined; constant?: boolean | undefined; selective?: boolean | undefined; order?: number | undefined; ... 8 more ...; novelWorkshop?: { ...; } | undefined; }'.
src/components/WorldbookEntryEditor.vue(110,33): error TS2339: Property 'keyregex' does not exist on type '{ uid: number; key: string[]; keysecondary?: string[] | undefined; content: string; comment?: string | undefined; constant?: boolean | undefined; selective?: boolean | undefined; order?: number | undefined; ... 8 more ...; novelWorkshop?: { ...; } | undefined; }'.
src/components/WorldbookEntryEditor.vue(142,33): error TS2339: Property 'selectiveLogic' does not exist on type '{ uid: number; key: string[]; keysecondary?: string[] | undefined; content: string; comment?: string | undefined; constant?: boolean | undefined; selective?: boolean | undefined; order?: number | undefined; ... 8 more ...; novelWorkshop?: { ...; } | undefined; }'.
src/components/WorldbookEntryEditor.vue(163,46): error TS2345: Argument of type 'string' is not assignable to parameter of type 'number'.
src/components/WorldbookEntryEditor.vue(169,49): error TS2345: Argument of type 'string' is not assignable to parameter of type 'number'.
src/components/WorldbookEntryEditor.vue(184,48): error TS2339: Property 'insertion_order' does not exist on type '{ uid: number; key: string[]; keysecondary?: string[] | undefined; content: string; comment?: string | undefined; constant?: boolean | undefined; selective?: boolean | undefined; order?: number | undefined; ... 8 more ...; novelWorkshop?: { ...; } | undefined; }'.
src/components/WorldbookEntryEditor.vue(191,48): error TS2339: Property 'priority' does not exist on type '{ uid: number; key: string[]; keysecondary?: string[] | undefined; content: string; comment?: string | undefined; constant?: boolean | undefined; selective?: boolean | undefined; order?: number | undefined; ... 8 more ...; novelWorkshop?: { ...; } | undefined; }'.
src/components/WorldbookEntryEditor.vue(210,26): error TS18048: '__VLS_ctx.formData.extensions' is possibly 'undefined'.
src/components/WorldbookEntryEditor.vue(210,26): error TS18046: '__VLS_ctx.formData.extensions.chapter_range' is of type 'unknown'.
src/components/WorldbookEntryEditor.vue(216,26): error TS18048: '__VLS_ctx.formData.extensions' is possibly 'undefined'.
src/components/WorldbookEntryEditor.vue(216,26): error TS18046: '__VLS_ctx.formData.extensions.chapter_range' is of type 'unknown'.
src/components/WorldbookEntryEditor.vue(226,24): error TS18048: '__VLS_ctx.formData.extensions' is possibly 'undefined'.
src/components/WorldbookEntryEditor.vue(241,24): error TS18048: '__VLS_ctx.formData.extensions' is possibly 'undefined'.
src/components/WorldbookEntryEditor.vue(324,3): error TS2322: Type 'string' is not assignable to type 'string[]'.
src/components/WorldbookEntryEditor.vue(362,7): error TS2322: Type 'string' is not assignable to type 'string[]'.
src/components/WorldbookEntryEditor.vue(410,20): error TS2551: Property 'keys' does not exist on type '{ uid: number; key: string[]; keysecondary?: string[] | undefined; content: string; comment?: string | undefined; constant?: boolean | undefined; selective?: boolean | undefined; order?: number | undefined; ... 8 more ...; novelWorkshop?: { ...; } | undefined; }'. Did you mean 'key'?
src/components/WorldbookEntryEditor.vue(412,7): error TS2322: Type 'string' is not assignable to type 'string[]'.
src/components/WorldbookEntryEditor.vue(419,18): error TS2551: Property 'keys' does not exist on type '{ uid: number; key: string[]; keysecondary?: string[] | undefined; content: string; comment?: string | undefined; constant?: boolean | undefined; selective?: boolean | undefined; order?: number | undefined; ... 8 more ...; novelWorkshop?: { ...; } | undefined; }'. Did you mean 'key'?
src/components/WorldbookEntryEditor.vue(425,20): error TS2551: Property 'keys' does not exist on type '{ uid: number; key: string[]; keysecondary?: string[] | undefined; content: string; comment?: string | undefined; constant?: boolean | undefined; selective?: boolean | undefined; order?: number | undefined; ... 8 more ...; novelWorkshop?: { ...; } | undefined; }'. Did you mean 'key'?
src/components/WorldbookEntryEditor.vue(425,58): error TS2551: Property 'keys' does not exist on type '{ uid: number; key: string[]; keysecondary?: string[] | undefined; content: string; comment?: string | undefined; constant?: boolean | undefined; selective?: boolean | undefined; order?: number | undefined; ... 8 more ...; novelWorkshop?: { ...; } | undefined; }'. Did you mean 'key'?
src/components/WorldbookEntryEditor.vue(438,18): error TS2551: Property 'keys' does not exist on type '{ uid: number; key: string[]; keysecondary?: string[] | undefined; content: string; comment?: string | undefined; constant?: boolean | undefined; selective?: boolean | undefined; order?: number | undefined; ... 8 more ...; novelWorkshop?: { ...; } | undefined; }'. Did you mean 'key'?
src/components/WorldbookEntryEditor.vue(438,56): error TS2551: Property 'keys' does not exist on type '{ uid: number; key: string[]; keysecondary?: string[] | undefined; content: string; comment?: string | undefined; constant?: boolean | undefined; selective?: boolean | undefined; order?: number | undefined; ... 8 more ...; novelWorkshop?: { ...; } | undefined; }'. Did you mean 'key'?
src/components/WorldbookEntryEditor.vue(445,3): error TS18048: 'formData.value.selective' is possibly 'undefined'.
src/components/WorldbookEntryEditor.vue(445,28): error TS2339: Property 'push' does not exist on type 'boolean'.
src/components/WorldbookEntryEditor.vue(452,5): error TS18048: 'formData.value.selective' is possibly 'undefined'.
src/components/WorldbookEntryEditor.vue(452,5): error TS7053: Element implicitly has an 'any' type because expression of type 'number' can't be used to index type 'Boolean'.
  No index signature with a parameter of type 'number' was found on type 'Boolean'.
src/components/WorldbookEntryEditor.vue(458,17): error TS18048: 'formData.value.selective' is possibly 'undefined'.
src/components/WorldbookEntryEditor.vue(458,17): error TS7053: Element implicitly has an 'any' type because expression of type 'number' can't be used to index type 'Boolean'.
  No index signature with a parameter of type 'number' was found on type 'Boolean'.
src/components/WorldbookEntryEditor.vue(460,5): error TS18048: 'formData.value.selective' is possibly 'undefined'.
src/components/WorldbookEntryEditor.vue(460,5): error TS7053: Element implicitly has an 'any' type because expression of type 'number' can't be used to index type 'Boolean'.
  No index signature with a parameter of type 'number' was found on type 'Boolean'.
src/components/WorldbookEntryEditor.vue(465,45): error TS2551: Property 'keys' does not exist on type '{ uid: number; key: string[]; keysecondary?: string[] | undefined; content: string; comment?: string | undefined; constant?: boolean | undefined; selective?: boolean | undefined; order?: number | undefined; ... 8 more ...; novelWorkshop?: { ...; } | undefined; }'. Did you mean 'key'?
src/components/WorldbookEntryEditor.vue(466,41): error TS2551: Property 'keys' does not exist on type '{ uid: number; key: string[]; keysecondary?: string[] | undefined; content: string; comment?: string | undefined; constant?: boolean | undefined; selective?: boolean | undefined; order?: number | undefined; ... 8 more ...; novelWorkshop?: { ...; } | undefined; }'. Did you mean 'key'?
src/components/WorldbookEntryEditor.vue(469,18): error TS2339: Property 'updated_at' does not exist on type '{ uid: number; key: string[]; keysecondary?: string[] | undefined; content: string; comment?: string | undefined; constant?: boolean | undefined; selective?: boolean | undefined; order?: number | undefined; ... 8 more ...; novelWorkshop?: { ...; } | undefined; }'.
src/components/WorldbookExportDialog.vue(97,15): error TS6133: 'computed' is declared but its value is never read.
src/components/WorldbookExportDialog.vue(111,7): error TS6133: 'props' is declared but its value is never read.
src/components/WorldbookExportDialog.vue(173,45): error TS2345: Argument of type '{ entries: WorldbookEntry[]; name: string; description: string; metadata: { source: string; format: string; createdAt: Date; updatedAt: Date; totalEntries: number; }; }' is not assignable to parameter of type 'Worldbook'.
  The types of 'metadata.source' are incompatible between these types.
    Type 'string' is not assignable to type '"sillytavern" | "tavernai" | "character_card_v3" | "novel_workshop" | undefined'.
src/components/WorldbookExportDialog.vue(183,48): error TS2345: Argument of type '{ entries: WorldbookEntry[]; name: string; description: string; metadata: { source: string; format: string; createdAt: Date; updatedAt: Date; totalEntries: number; }; }' is not assignable to parameter of type 'Worldbook'.
  The types of 'metadata.source' are incompatible between these types.
    Type 'string' is not assignable to type '"sillytavern" | "tavernai" | "character_card_v3" | "novel_workshop" | undefined'.
src/components/WorldbookExportDialog.vue(188,39): error TS2345: Argument of type 'WorldbookExportResult' is not assignable to parameter of type 'Blob | MediaSource'.
src/components/WorldbookExportDialog.vue(198,49): error TS2345: Argument of type '{ entries: WorldbookEntry[]; name: string; description: string; metadata: { source: string; format: string; createdAt: Date; updatedAt: Date; totalEntries: number; }; }' is not assignable to parameter of type 'Worldbook'.
  The types of 'metadata.source' are incompatible between these types.
    Type 'string' is not assignable to type '"sillytavern" | "tavernai" | "character_card_v3" | "novel_workshop" | undefined'.
src/components/WorldbookExportDialog.vue(201,39): error TS2345: Argument of type 'string' is not assignable to parameter of type 'Blob | MediaSource'.
src/components/WorldbookImportDialog.vue(110,31): error TS2339: Property 'title' does not exist on type '{ uid: number; key: string[]; keysecondary?: string[] | undefined; content: string; comment?: string | undefined; constant?: boolean | undefined; selective?: boolean | undefined; order?: number | undefined; ... 8 more ...; novelWorkshop?: { ...; } | undefined; }'.
src/components/WorldbookImportDialog.vue(241,7): error TS6133: 'emit' is declared but its value is never read.
src/components/WorldbookImportDialog.vue(309,27): error TS6133: 'file' is declared but its value is never read.
src/components/WorldbookImportDialog.vue(377,15): error TS2339: Property 'title' does not exist on type '{ uid: number; key: string[]; keysecondary?: string[] | undefined; content: string; comment?: string | undefined; constant?: boolean | undefined; selective?: boolean | undefined; order?: number | undefined; ... 8 more ...; novelWorkshop?: { ...; } | undefined; }'.
src/components/WorldbookImportDialog.vue(377,31): error TS2339: Property 'title' does not exist on type 'WorldbookEntry'.
src/components/WorldbookImportDialog.vue(378,17): error TS2551: Property 'keys' does not exist on type '{ uid: number; key: string[]; keysecondary?: string[] | undefined; content: string; comment?: string | undefined; constant?: boolean | undefined; selective?: boolean | undefined; order?: number | undefined; ... 8 more ...; novelWorkshop?: { ...; } | undefined; }'. Did you mean 'key'?
src/components/WorldbookImportDialog.vue(378,50): error TS2551: Property 'keys' does not exist on type 'WorldbookEntry'. Did you mean 'key'?
src/components/WorldbookImportDialog.vue(378,79): error TS2551: Property 'keys' does not exist on type '{ uid: number; key: string[]; keysecondary?: string[] | undefined; content: string; comment?: string | undefined; constant?: boolean | undefined; selective?: boolean | undefined; order?: number | undefined; ... 8 more ...; novelWorkshop?: { ...; } | undefined; }'. Did you mean 'key'?
src/components/WorldbookImportDialog.vue(378,96): error TS7006: Parameter 'k' implicitly has an 'any' type.
src/components/WorldbookImportDialog.vue(378,108): error TS2551: Property 'keys' does not exist on type 'WorldbookEntry'. Did you mean 'key'?
src/components/WorldbookImportDialog.vue(436,63): error TS2339: Property 'title' does not exist on type '{ uid: number; key: string[]; keysecondary?: string[] | undefined; content: string; comment?: string | undefined; constant?: boolean | undefined; selective?: boolean | undefined; order?: number | undefined; ... 8 more ...; novelWorkshop?: { ...; } | undefined; }'.
src/components/WorldbookImportDialog.vue(436,79): error TS2339: Property 'title' does not exist on type '{ source: string; duplicate: boolean; uid: number; key: string[]; keysecondary?: string[] | undefined; content: string; comment?: string | undefined; constant?: boolean | undefined; selective?: boolean | undefined; ... 9 more ...; novelWorkshop?: { ...; } | undefined; }'.
src/components/WorldbookImportDialog.vue(438,55): error TS2339: Property 'id' does not exist on type '{ uid: number; key: string[]; keysecondary?: string[] | undefined; content: string; comment?: string | undefined; constant?: boolean | undefined; selective?: boolean | undefined; order?: number | undefined; ... 8 more ...; novelWorkshop?: { ...; } | undefined; }'.
src/components/WorldbookPanel.vue(226,20): error TS2339: Property 'enabled' does not exist on type '{ uid: number; key: string[]; keysecondary?: string[] | undefined; content: string; comment?: string | undefined; constant?: boolean | undefined; selective?: boolean | undefined; order?: number | undefined; ... 8 more ...; novelWorkshop?: { ...; } | undefined; }'.
src/components/WorldbookPanel.vue(237,9): error TS2339: Property 'title' does not exist on type '{ uid: number; key: string[]; keysecondary?: string[] | undefined; content: string; comment?: string | undefined; constant?: boolean | undefined; selective?: boolean | undefined; order?: number | undefined; ... 8 more ...; novelWorkshop?: { ...; } | undefined; }'.
src/components/WorldbookPanel.vue(239,9): error TS2551: Property 'keys' does not exist on type '{ uid: number; key: string[]; keysecondary?: string[] | undefined; content: string; comment?: string | undefined; constant?: boolean | undefined; selective?: boolean | undefined; order?: number | undefined; ... 8 more ...; novelWorkshop?: { ...; } | undefined; }'. Did you mean 'key'?
src/components/WorldbookPanel.vue(239,19): error TS7006: Parameter 'k' implicitly has an 'any' type.
src/components/WorldbookPanel.vue(245,37): error TS2339: Property 'group' does not exist on type '{ uid: number; key: string[]; keysecondary?: string[] | undefined; content: string; comment?: string | undefined; constant?: boolean | undefined; selective?: boolean | undefined; order?: number | undefined; ... 8 more ...; novelWorkshop?: { ...; } | undefined; }'.
src/components/WorldbookPanel.vue(250,37): error TS2339: Property 'enabled' does not exist on type '{ uid: number; key: string[]; keysecondary?: string[] | undefined; content: string; comment?: string | undefined; constant?: boolean | undefined; selective?: boolean | undefined; order?: number | undefined; ... 8 more ...; novelWorkshop?: { ...; } | undefined; }'.
src/components/WorldbookPanel.vue(257,18): error TS2339: Property 'insertion_order' does not exist on type '{ uid: number; key: string[]; keysecondary?: string[] | undefined; content: string; comment?: string | undefined; constant?: boolean | undefined; selective?: boolean | undefined; order?: number | undefined; ... 8 more ...; novelWorkshop?: { ...; } | undefined; }'.
src/components/WorldbookPanel.vue(257,38): error TS2339: Property 'insertion_order' does not exist on type '{ uid: number; key: string[]; keysecondary?: string[] | undefined; content: string; comment?: string | undefined; constant?: boolean | undefined; selective?: boolean | undefined; order?: number | undefined; ... 8 more ...; novelWorkshop?: { ...; } | undefined; }'.
src/components/WorldbookPanel.vue(259,18): error TS2339: Property 'priority' does not exist on type '{ uid: number; key: string[]; keysecondary?: string[] | undefined; content: string; comment?: string | undefined; constant?: boolean | undefined; selective?: boolean | undefined; order?: number | undefined; ... 8 more ...; novelWorkshop?: { ...; } | undefined; }'.
src/components/WorldbookPanel.vue(259,31): error TS2339: Property 'priority' does not exist on type '{ uid: number; key: string[]; keysecondary?: string[] | undefined; content: string; comment?: string | undefined; constant?: boolean | undefined; selective?: boolean | undefined; order?: number | undefined; ... 8 more ...; novelWorkshop?: { ...; } | undefined; }'.
src/components/WorldbookPanel.vue(261,18): error TS2339: Property 'title' does not exist on type '{ uid: number; key: string[]; keysecondary?: string[] | undefined; content: string; comment?: string | undefined; constant?: boolean | undefined; selective?: boolean | undefined; order?: number | undefined; ... 8 more ...; novelWorkshop?: { ...; } | undefined; }'.
src/components/WorldbookPanel.vue(261,40): error TS2339: Property 'title' does not exist on type '{ uid: number; key: string[]; keysecondary?: string[] | undefined; content: string; comment?: string | undefined; constant?: boolean | undefined; selective?: boolean | undefined; order?: number | undefined; ... 8 more ...; novelWorkshop?: { ...; } | undefined; }'.
src/components/WorldbookPanel.vue(263,18): error TS2339: Property 'created_at' does not exist on type '{ uid: number; key: string[]; keysecondary?: string[] | undefined; content: string; comment?: string | undefined; constant?: boolean | undefined; selective?: boolean | undefined; order?: number | undefined; ... 8 more ...; novelWorkshop?: { ...; } | undefined; }'.
src/components/WorldbookPanel.vue(263,33): error TS2339: Property 'created_at' does not exist on type '{ uid: number; key: string[]; keysecondary?: string[] | undefined; content: string; comment?: string | undefined; constant?: boolean | undefined; selective?: boolean | undefined; order?: number | undefined; ... 8 more ...; novelWorkshop?: { ...; } | undefined; }'.
src/components/WorldbookPanel.vue(265,18): error TS2339: Property 'updated_at' does not exist on type '{ uid: number; key: string[]; keysecondary?: string[] | undefined; content: string; comment?: string | undefined; constant?: boolean | undefined; selective?: boolean | undefined; order?: number | undefined; ... 8 more ...; novelWorkshop?: { ...; } | undefined; }'.
src/components/WorldbookPanel.vue(265,33): error TS2339: Property 'updated_at' does not exist on type '{ uid: number; key: string[]; keysecondary?: string[] | undefined; content: string; comment?: string | undefined; constant?: boolean | undefined; selective?: boolean | undefined; order?: number | undefined; ... 8 more ...; novelWorkshop?: { ...; } | undefined; }'.
src/components/WorldbookPanel.vue(290,44): error TS7006: Parameter 'g' implicitly has an 'any' type.
src/components/WorldbookPanel.vue(313,5): error TS2353: Object literal may only specify known properties, and 'id' does not exist in type 'WorldbookEntry'.
src/components/WorldbookPanel.vue(314,21): error TS2339: Property 'title' does not exist on type 'WorldbookEntry'.
src/components/WorldbookPanel.vue(324,49): error TS2339: Property 'title' does not exist on type 'WorldbookEntry'.
src/components/WorldbookPanel.vue(382,51): error TS2353: Object literal may only specify known properties, and 'enabled' does not exist in type 'Partial<WorldbookEntry>'.
src/components/WorldbookPanel.vue(389,51): error TS2353: Object literal may only specify known properties, and 'enabled' does not exist in type 'Partial<WorldbookEntry>'.
src/components/WorldbookPanel.vue(409,18): error TS2339: Property 'createGroup' does not exist on type 'Store<"worldbook", Pick<{ worldbook: Ref<{ name?: string | undefined; entries: { uid: number; key: string[]; keysecondary?: string[] | undefined; content: string; comment?: string | undefined; constant?: boolean | undefined; ... 10 more ...; novelWorkshop?: { ...; } | undefined; }[]; metadata?: { ...; } | undefined;...'.
src/components/WorldMap.vue(574,53): error TS6133: 'nextTick' is declared but its value is never read.
src/components/WorldMap.vue(578,58): error TS6133: 'FullScreen' is declared but its value is never read.
src/components/WorldMap.vue(581,68): error TS6196: 'Faction' is declared but never used.
src/components/WorldMap.vue(581,77): error TS6196: 'Character' is declared but never used.
src/components/WorldMap.vue(1304,27): error TS6133: 'e' is declared but its value is never read.
src/components/WorldSetting.vue(429,25): error TS2339: Property 'style' does not exist on type '{ genre: string; theme: string; elements: string; }'.
src/components/WorldSetting.vue(526,3): error TS2322: Type '{ id: string; name: string; era: { time: string; techLevel: string; socialForm: string; }; geography: { locations: { id: string; name: string; description: string; importance: string; }[]; }; factions: { id: string; name: string; type: string; description: string; relationships: never[]; }[]; rules: { ...; }[]; aiGe...' is not assignable to type 'WorldSetting | { id: string; name: string; era: { time: string; techLevel: string; socialForm: string; }; geography: { map?: string | undefined; locations: { id: string; name: string; ... 7 more ...; factionId?: string | undefined; }[]; }; ... 4 more ...; generationPrompt?: string | undefined; }'.
  Type '{ id: string; name: string; era: { time: string; techLevel: string; socialForm: string; }; geography: { locations: { id: string; name: string; description: string; importance: string; }[]; }; factions: { id: string; name: string; type: string; description: string; relationships: never[]; }[]; rules: { ...; }[]; aiGe...' is not assignable to type '{ id: string; name: string; era: { time: string; techLevel: string; socialForm: string; }; geography: { map?: string | undefined; locations: { id: string; name: string; description: string; importance: "low" | ... 1 more ... | "high"; ... 5 more ...; factionId?: string | undefined; }[]; }; ... 4 more ...; generation...'.
    The types of 'geography.locations' are incompatible between these types.
      Type '{ id: string; name: string; description: string; importance: string; }[]' is not assignable to type '{ id: string; name: string; description: string; importance: "low" | "medium" | "high"; position?: { x: number; y: number; } | undefined; type?: LocationType | undefined; icon?: string | undefined; color?: string | undefined; connections?: string[] | undefined; factionId?: string | undefined; }[]'.
        Type '{ id: string; name: string; description: string; importance: string; }' is not assignable to type '{ id: string; name: string; description: string; importance: "low" | "medium" | "high"; position?: { x: number; y: number; } | undefined; type?: LocationType | undefined; icon?: string | undefined; color?: string | undefined; connections?: string[] | undefined; factionId?: string | undefined; }'.
          Types of property 'importance' are incompatible.
            Type 'string' is not assignable to type '"low" | "medium" | "high"'.
src/data/outlineTemplates.ts(366,9): error TS6133: 'chaptersPerVolume' is declared but its value is never read.
src/data/outlineTemplates.ts(368,37): error TS6133: 'vIndex' is declared but its value is never read.
src/plugins/builtin/anthropic-provider.ts(8,3): error TS2305: Module '"@/types"' has no exported member 'AIProviderContribution'.
src/plugins/builtin/anthropic-provider.ts(9,3): error TS2305: Module '"@/types"' has no exported member 'ProviderConfig'.
src/plugins/builtin/anthropic-provider.ts(10,3): error TS2305: Module '"@/types"' has no exported member 'ProviderInstance'.
src/plugins/builtin/anthropic-provider.ts(11,3): error TS2305: Module '"@/types"' has no exported member 'ChatRequest'.
src/plugins/builtin/anthropic-provider.ts(12,3): error TS2305: Module '"@/types"' has no exported member 'ChatResponse'.
src/plugins/builtin/anthropic-provider.ts(13,3): error TS2305: Module '"@/types"' has no exported member 'ModelConfig'.
src/plugins/builtin/anthropic-provider.ts(70,51): error TS7006: Parameter 'm' implicitly has an 'any' type.
src/plugins/builtin/anthropic-provider.ts(71,53): error TS7006: Parameter 'm' implicitly has an 'any' type.
src/plugins/builtin/anthropic-provider.ts(85,39): error TS7006: Parameter 'm' implicitly has an 'any' type.
src/plugins/builtin/anthropic-provider.ts(122,49): error TS7006: Parameter 'm' implicitly has an 'any' type.
src/plugins/builtin/anthropic-provider.ts(123,51): error TS7006: Parameter 'm' implicitly has an 'any' type.
src/plugins/builtin/anthropic-provider.ts(136,37): error TS7006: Parameter 'm' implicitly has an 'any' type.
src/plugins/builtin/anthropic-provider.ts(227,50): error TS7006: Parameter 'sum' implicitly has an 'any' type.
src/plugins/builtin/anthropic-provider.ts(227,55): error TS7006: Parameter 'msg' implicitly has an 'any' type.
src/plugins/builtin/local-provider.ts(8,3): error TS2305: Module '"@/types"' has no exported member 'AIProviderContribution'.
src/plugins/builtin/local-provider.ts(9,3): error TS2305: Module '"@/types"' has no exported member 'ProviderConfig'.
src/plugins/builtin/local-provider.ts(10,3): error TS2305: Module '"@/types"' has no exported member 'ProviderInstance'.
src/plugins/builtin/local-provider.ts(11,3): error TS2305: Module '"@/types"' has no exported member 'ChatRequest'.
src/plugins/builtin/local-provider.ts(12,3): error TS2305: Module '"@/types"' has no exported member 'ChatResponse'.
src/plugins/builtin/local-provider.ts(13,3): error TS2305: Module '"@/types"' has no exported member 'ModelConfig'.
src/plugins/builtin/local-provider.ts(211,50): error TS7006: Parameter 'sum' implicitly has an 'any' type.
src/plugins/builtin/local-provider.ts(211,55): error TS7006: Parameter 'msg' implicitly has an 'any' type.
src/plugins/builtin/openai-provider.ts(8,3): error TS2305: Module '"@/types"' has no exported member 'AIProviderContribution'.
src/plugins/builtin/openai-provider.ts(9,3): error TS2305: Module '"@/types"' has no exported member 'ProviderConfig'.
src/plugins/builtin/openai-provider.ts(10,3): error TS2305: Module '"@/types"' has no exported member 'ProviderInstance'.
src/plugins/builtin/openai-provider.ts(11,3): error TS2305: Module '"@/types"' has no exported member 'ChatRequest'.
src/plugins/builtin/openai-provider.ts(12,3): error TS2305: Module '"@/types"' has no exported member 'ChatResponse'.
src/plugins/builtin/openai-provider.ts(13,3): error TS2305: Module '"@/types"' has no exported member 'ModelConfig'.
src/plugins/builtin/openai-provider.ts(202,50): error TS7006: Parameter 'sum' implicitly has an 'any' type.
src/plugins/builtin/openai-provider.ts(202,55): error TS7006: Parameter 'msg' implicitly has an 'any' type.
src/plugins/context.ts(28,3): error TS6196: 'EditorContext' is declared but never used.
src/plugins/context.ts(150,17): error TS6133: 'collection' is declared but its value is never read.
src/plugins/context.ts(179,21): error TS6133: 'contextType' is declared but its value is never read.
src/plugins/context.ts(202,36): error TS6133: 'reject' is declared but its value is never read.
src/plugins/examples/epub-exporter.ts(7,15): error TS2305: Module '"@/types"' has no exported member 'ExporterContribution'.
src/plugins/examples/epub-exporter.ts(7,37): error TS2305: Module '"@/types"' has no exported member 'ExportData'.
src/plugins/examples/epub-exporter.ts(7,49): error TS2305: Module '"@/types"' has no exported member 'ExportOptions'.
src/plugins/examples/epub-exporter.ts(91,32): error TS6133: 'data' is declared but its value is never read.
src/plugins/examples/pdf-exporter.ts(7,15): error TS2305: Module '"@/types"' has no exported member 'ExporterContribution'.
src/plugins/examples/pdf-exporter.ts(7,37): error TS2305: Module '"@/types"' has no exported member 'ExportData'.
src/plugins/examples/pdf-exporter.ts(7,49): error TS2305: Module '"@/types"' has no exported member 'ExportOptions'.
src/plugins/examples/pdf-exporter.ts(167,31): error TS7006: Parameter 'p' implicitly has an 'any' type.
src/plugins/examples/zhipu-provider.ts(8,3): error TS2305: Module '"@/types"' has no exported member 'AIProviderContribution'.
src/plugins/examples/zhipu-provider.ts(9,3): error TS2305: Module '"@/types"' has no exported member 'ProviderConfig'.
src/plugins/examples/zhipu-provider.ts(10,3): error TS2305: Module '"@/types"' has no exported member 'ProviderInstance'.
src/plugins/examples/zhipu-provider.ts(11,3): error TS2305: Module '"@/types"' has no exported member 'ChatRequest'.
src/plugins/examples/zhipu-provider.ts(12,3): error TS2305: Module '"@/types"' has no exported member 'ChatResponse'.
src/plugins/examples/zhipu-provider.ts(13,3): error TS2305: Module '"@/types"' has no exported member 'ModelConfig'.
src/plugins/examples/zhipu-provider.ts(210,50): error TS7006: Parameter 'sum' implicitly has an 'any' type.
src/plugins/examples/zhipu-provider.ts(210,55): error TS7006: Parameter 'msg' implicitly has an 'any' type.
src/plugins/index.ts(83,10): error TS2305: Module '"./examples/epub-exporter"' has no exported member 'epubExporterContribution'.
src/plugins/index.ts(84,10): error TS2459: Module '"./examples/pdf-exporter"' declares 'pdfExporter' locally, but it is not exported.
src/plugins/index.ts(85,10): error TS2459: Module '"./examples/text-cleaner"' declares 'textCleanerProcessor' locally, but it is not exported.
src/plugins/index.ts(85,32): error TS2459: Module '"./examples/text-cleaner"' declares 'styleConverterProcessor' locally, but it is not exported.
src/plugins/loader.ts(373,35): error TS6133: 'baseUrl' is declared but its value is never read.
src/plugins/loader.ts(381,15): error TS18048: 'manifest.contributes' is possibly 'undefined'.
src/plugins/loader.ts(382,36): error TS18048: 'manifest.contributes' is possibly 'undefined'.
src/plugins/loader.ts(387,15): error TS18048: 'manifest.contributes' is possibly 'undefined'.
src/plugins/loader.ts(388,36): error TS18048: 'manifest.contributes' is possibly 'undefined'.
src/plugins/loader.ts(393,15): error TS18048: 'manifest.contributes' is possibly 'undefined'.
src/plugins/loader.ts(394,36): error TS18048: 'manifest.contributes' is possibly 'undefined'.
src/plugins/loader.ts(399,15): error TS18048: 'manifest.contributes' is possibly 'undefined'.
src/plugins/loader.ts(400,37): error TS18048: 'manifest.contributes' is possibly 'undefined'.
src/plugins/loader.ts(405,15): error TS18048: 'manifest.contributes' is possibly 'undefined'.
src/plugins/loader.ts(406,36): error TS18048: 'manifest.contributes' is possibly 'undefined'.
src/plugins/loader.ts(411,15): error TS18048: 'manifest.contributes' is possibly 'undefined'.
src/plugins/loader.ts(412,33): error TS18048: 'manifest.contributes' is possibly 'undefined'.
src/plugins/loader.ts(417,15): error TS18048: 'manifest.contributes' is possibly 'undefined'.
src/plugins/loader.ts(418,34): error TS18048: 'manifest.contributes' is possibly 'undefined'.
src/plugins/loader.ts(423,15): error TS18048: 'manifest.contributes' is possibly 'undefined'.
src/plugins/loader.ts(424,35): error TS18048: 'manifest.contributes' is possibly 'undefined'.
src/plugins/loader.ts(429,15): error TS18048: 'manifest.contributes' is possibly 'undefined'.
src/plugins/loader.ts(430,35): error TS18048: 'manifest.contributes' is possibly 'undefined'.
src/plugins/manager.ts(11,3): error TS6196: 'AIProviderContribution' is declared but never used.
src/plugins/manager.ts(12,3): error TS6196: 'ExporterContribution' is declared but never used.
src/plugins/manager.ts(13,3): error TS6196: 'ImporterContribution' is declared but never used.
src/plugins/manager.ts(14,3): error TS6196: 'ProcessorContribution' is declared but never used.
src/plugins/manager.ts(15,3): error TS6196: 'MenuItemContribution' is declared but never used.
src/plugins/manager.ts(16,3): error TS6196: 'SidebarPanelContribution' is declared but never used.
src/plugins/manager.ts(17,3): error TS6196: 'ToolbarButtonContribution' is declared but never used.
src/plugins/manager.ts(18,3): error TS6196: 'QuickCommandContribution' is declared but never used.
src/plugins/manager.ts(19,3): error TS6196: 'AIActionHandlerContribution' is declared but never used.
src/plugins/registries/exporter-registry.ts(125,13): error TS6133: 'projectId' is declared but its value is never read.
src/plugins/registries/provider-registry.ts(124,5): error TS2322: Type 'import("E:/Projects/ai-novel-workshop/src/plugins/types").ChatResponse' is not assignable to type 'import("E:/Projects/ai-novel-workshop/src/types/ai").ChatResponse'.
  Types of property 'finishReason' are incompatible.
    Type 'string' is not assignable to type '"error" | "length" | "stop" | "content_filter"'.
src/plugins/registries/provider-registry.ts(169,5): error TS2322: Type 'ModelInfo[]' is not assignable to type 'ModelConfig[]'.
  Type 'ModelInfo' is missing the following properties from type 'ModelConfig': provider, model, tier, rpmLimit, enabled
src/plugins/types.ts(13,15): error TS2305: Module '"@/types/ai"' has no exported member 'Message'.
src/plugins/types.ts(13,24): error TS2305: Module '"@/types/ai"' has no exported member 'ChatOptions'.
src/plugins/types.ts(13,37): error TS2305: Module '"@/types/ai"' has no exported member 'GenerateOptions'.
src/plugins/types.ts(602,3): error TS2484: Export declaration conflicts with exported declaration of 'PluginPermission'.
src/plugins/types.ts(603,3): error TS2484: Export declaration conflicts with exported declaration of 'PluginStatus'.
src/plugins/types.ts(604,3): error TS2484: Export declaration conflicts with exported declaration of 'AIProviderContribution'.
src/plugins/types.ts(605,3): error TS2484: Export declaration conflicts with exported declaration of 'ExporterContribution'.
src/plugins/types.ts(606,3): error TS2484: Export declaration conflicts with exported declaration of 'ImporterContribution'.
src/plugins/types.ts(607,3): error TS2484: Export declaration conflicts with exported declaration of 'ProcessorContribution'.
src/plugins/types.ts(608,3): error TS2484: Export declaration conflicts with exported declaration of 'MenuItemContribution'.
src/plugins/types.ts(609,3): error TS2484: Export declaration conflicts with exported declaration of 'SidebarPanelContribution'.
src/plugins/types.ts(610,3): error TS2484: Export declaration conflicts with exported declaration of 'ToolbarButtonContribution'.
src/plugins/types.ts(611,3): error TS2484: Export declaration conflicts with exported declaration of 'ConfigPanelContribution'.
src/plugins/types.ts(612,3): error TS2484: Export declaration conflicts with exported declaration of 'QuickCommandContribution'.
src/plugins/types.ts(613,3): error TS2484: Export declaration conflicts with exported declaration of 'AIActionHandlerContribution'.
src/plugins/types.ts(614,3): error TS2484: Export declaration conflicts with exported declaration of 'PluginContributions'.
src/plugins/types.ts(615,3): error TS2484: Export declaration conflicts with exported declaration of 'PluginManifest'.
src/plugins/types.ts(616,3): error TS2484: Export declaration conflicts with exported declaration of 'PluginInstance'.
src/plugins/types.ts(617,3): error TS2484: Export declaration conflicts with exported declaration of 'PluginLifecycle'.
src/plugins/types.ts(618,3): error TS2484: Export declaration conflicts with exported declaration of 'PluginContext'.
src/plugins/types.ts(619,3): error TS2484: Export declaration conflicts with exported declaration of 'ModelInfo'.
src/plugins/types.ts(620,3): error TS2484: Export declaration conflicts with exported declaration of 'ProviderConfig'.
src/plugins/types.ts(621,3): error TS2484: Export declaration conflicts with exported declaration of 'ProviderInstance'.
src/plugins/types.ts(622,3): error TS2484: Export declaration conflicts with exported declaration of 'ChatRequest'.
src/plugins/types.ts(623,3): error TS2484: Export declaration conflicts with exported declaration of 'ChatResponse'.
src/plugins/types.ts(624,3): error TS2484: Export declaration conflicts with exported declaration of 'CostEstimate'.
src/plugins/types.ts(625,3): error TS2484: Export declaration conflicts with exported declaration of 'ExportData'.
src/plugins/types.ts(626,3): error TS2484: Export declaration conflicts with exported declaration of 'ExportOptions'.
src/plugins/types.ts(627,3): error TS2484: Export declaration conflicts with exported declaration of 'ImportOptions'.
src/plugins/types.ts(628,3): error TS2484: Export declaration conflicts with exported declaration of 'ImportResult'.
src/plugins/types.ts(629,3): error TS2484: Export declaration conflicts with exported declaration of 'ProcessorContext'.
src/plugins/types.ts(630,3): error TS2484: Export declaration conflicts with exported declaration of 'EditorContext'.
src/plugins/types.ts(631,3): error TS2484: Export declaration conflicts with exported declaration of 'ActionContext'.
src/plugins/types.ts(632,3): error TS2484: Export declaration conflicts with exported declaration of 'VectorQuery'.
src/plugins/types.ts(633,3): error TS2484: Export declaration conflicts with exported declaration of 'VectorDocument'.
src/plugins/types.ts(634,3): error TS2484: Export declaration conflicts with exported declaration of 'VectorSearchResult'.
src/plugins/types.ts(635,3): error TS2484: Export declaration conflicts with exported declaration of 'MemoryContext'.
src/plugins/types.ts(636,3): error TS2484: Export declaration conflicts with exported declaration of 'DialogOptions'.
src/plugins/types.ts(637,3): error TS2484: Export declaration conflicts with exported declaration of 'NotificationOptions'.
src/services/__tests__/conversation-trace-apply.test.ts(115,66): error TS2493: Tuple type '[]' of length '0' has no element at index '0'.
src/services/__tests__/conversation-trace-apply.test.ts(117,32): error TS2339: Property 'type' does not exist on type 'never'.
src/services/__tests__/conversation-trace-apply.test.ts(209,46): error TS2493: Tuple type '[]' of length '0' has no element at index '0'.
src/services/__tests__/unified-importer.test.ts(281,9): error TS2322: Type '{ id: string; action: string; note: string; conflicts: never[]; artifact: { id: string; type: string; title: string; confidence: number; source: { line: number; role: string; snippet: string; }[]; payload: { key: string[]; content: string; }; }; }[]' is not assignable to type 'TraceReviewItem[]'.
  Type '{ id: string; action: string; note: string; conflicts: never[]; artifact: { id: string; type: string; title: string; confidence: number; source: { line: number; role: string; snippet: string; }[]; payload: { key: string[]; content: string; }; }; }' is not assignable to type 'TraceReviewItem'.
    The types of 'artifact.type' are incompatible between these types.
      Type 'string' is not assignable to type 'TraceArtifactType'.
src/services/__tests__/worldbook-exporter.test.ts(86,53): error TS2345: Argument of type '{ pretty: true; }' is not assignable to parameter of type 'WorldbookExportOptions'.
  Property 'format' is missing in type '{ pretty: true; }' but required in type 'WorldbookExportOptions'.
src/services/__tests__/worldbook-exporter.test.ts(99,53): error TS2345: Argument of type '{ includeDisabled: false; pretty: false; }' is not assignable to parameter of type 'WorldbookExportOptions'.
  Property 'format' is missing in type '{ includeDisabled: false; pretty: false; }' but required in type 'WorldbookExportOptions'.
src/services/__tests__/worldbook-exporter.test.ts(112,53): error TS2345: Argument of type '{ enabledOnly: true; pretty: false; }' is not assignable to parameter of type 'WorldbookExportOptions'.
  Property 'format' is missing in type '{ enabledOnly: true; pretty: false; }' but required in type 'WorldbookExportOptions'.
src/services/__tests__/worldbook-exporter.test.ts(125,53): error TS2345: Argument of type '{ includeExtensions: true; pretty: false; }' is not assignable to parameter of type 'WorldbookExportOptions'.
  Property 'format' is missing in type '{ includeExtensions: true; pretty: false; }' but required in type 'WorldbookExportOptions'.
src/services/__tests__/worldbook-exporter.test.ts(140,60): error TS2345: Argument of type '{ sortBy: "order"; pretty: false; }' is not assignable to parameter of type 'WorldbookExportOptions'.
  Property 'format' is missing in type '{ sortBy: "order"; pretty: false; }' but required in type 'WorldbookExportOptions'.
src/services/__tests__/worldbook-exporter.test.ts(190,61): error TS2345: Argument of type '{ template: "detailed"; includeStatistics: true; includeToc: true; }' is not assignable to parameter of type 'MarkdownExportOptions'.
  Property 'format' is missing in type '{ template: "detailed"; includeStatistics: true; includeToc: true; }' but required in type 'MarkdownExportOptions'.
src/services/__tests__/worldbook-exporter.test.ts(206,61): error TS2345: Argument of type '{ template: "compact"; includeStatistics: false; includeToc: false; }' is not assignable to parameter of type 'MarkdownExportOptions'.
  Property 'format' is missing in type '{ template: "compact"; includeStatistics: false; includeToc: false; }' but required in type 'MarkdownExportOptions'.
src/services/__tests__/worldbook-exporter.test.ts(221,61): error TS2345: Argument of type '{ template: "detailed"; groupByCategory: true; }' is not assignable to parameter of type 'MarkdownExportOptions'.
  Property 'format' is missing in type '{ template: "detailed"; groupByCategory: true; }' but required in type 'MarkdownExportOptions'.
src/services/__tests__/worldbook-exporter.test.ts(234,61): error TS2345: Argument of type '{ template: "detailed"; includeExtensions: true; }' is not assignable to parameter of type 'MarkdownExportOptions'.
  Property 'format' is missing in type '{ template: "detailed"; includeExtensions: true; }' but required in type 'MarkdownExportOptions'.
src/services/__tests__/worldbook-exporter.test.ts(286,61): error TS2345: Argument of type '{ pretty: true; }' is not assignable to parameter of type 'WorldbookExportOptions'.
  Property 'format' is missing in type '{ pretty: true; }' but required in type 'WorldbookExportOptions'.
src/services/__tests__/worldbook-importer.test.ts(7,30): error TS6196: 'WorldbookEntry' is declared but never used.
src/services/__tests__/worldbook-importer.test.ts(37,21): error TS2339: Property 'stats' does not exist on type 'WorldbookImportResult'.
src/services/__tests__/worldbook-importer.test.ts(38,21): error TS2339: Property 'stats' does not exist on type 'WorldbookImportResult'.
src/services/__tests__/worldbook-importer.test.ts(39,21): error TS2339: Property 'worldbook' does not exist on type 'WorldbookImportResult'.
src/services/__tests__/worldbook-importer.test.ts(40,21): error TS2339: Property 'worldbook' does not exist on type 'WorldbookImportResult'.
src/services/__tests__/worldbook-importer.test.ts(41,21): error TS2339: Property 'worldbook' does not exist on type 'WorldbookImportResult'.
src/services/__tests__/worldbook-importer.test.ts(59,21): error TS2339: Property 'stats' does not exist on type 'WorldbookImportResult'.
src/services/__tests__/worldbook-importer.test.ts(60,21): error TS2339: Property 'worldbook' does not exist on type 'WorldbookImportResult'.
src/services/__tests__/worldbook-importer.test.ts(87,21): error TS2339: Property 'stats' does not exist on type 'WorldbookImportResult'.
src/services/__tests__/worldbook-importer.test.ts(88,21): error TS2339: Property 'worldbook' does not exist on type 'WorldbookImportResult'.
src/services/__tests__/worldbook-importer.test.ts(108,21): error TS2339: Property 'worldbook' does not exist on type 'WorldbookImportResult'.
src/services/__tests__/worldbook-importer.test.ts(109,21): error TS2339: Property 'worldbook' does not exist on type 'WorldbookImportResult'.
src/services/__tests__/worldbook-importer.test.ts(131,21): error TS2339: Property 'worldbook' does not exist on type 'WorldbookImportResult'.
src/services/__tests__/worldbook-importer.test.ts(132,21): error TS2339: Property 'worldbook' does not exist on type 'WorldbookImportResult'.
src/services/__tests__/worldbook-importer.test.ts(157,21): error TS2339: Property 'stats' does not exist on type 'WorldbookImportResult'.
src/services/__tests__/worldbook-importer.test.ts(158,21): error TS2339: Property 'stats' does not exist on type 'WorldbookImportResult'.
src/services/__tests__/worldbook-importer.test.ts(174,36): error TS2551: Property 'keys' does not exist on type 'WorldbookEntry'. Did you mean 'key'?
src/services/__tests__/worldbook-importer.test.ts(178,21): error TS2339: Property 'stats' does not exist on type 'WorldbookImportResult'.
src/services/__tests__/worldbook-importer.test.ts(179,21): error TS2339: Property 'worldbook' does not exist on type 'WorldbookImportResult'.
src/services/__tests__/worldbook-importer.test.ts(199,21): error TS2339: Property 'worldbook' does not exist on type 'WorldbookImportResult'.
src/services/__tests__/worldbook-importer.test.ts(209,11): error TS2322: Type 'string' is not assignable to type 'number'.
src/services/__tests__/worldbook-importer.test.ts(237,13): error TS2322: Type 'string' is not assignable to type 'number'.
src/services/__tests__/worldbook-importer.test.ts(238,13): error TS2322: Type 'string' is not assignable to type 'number'.
src/services/__tests__/worldbook-importer.test.ts(243,34): error TS2339: Property 'enabled' does not exist on type 'WorldbookEntry'.
src/services/character-card-exporter.ts(80,14): error TS2678: Type '"png"' is not comparable to type '"sillytavern" | "v1" | "v2" | "v3"'.
src/services/character-card-exporter.ts(105,9): error TS2353: Object literal may only specify known properties, and 'errors' does not exist in type 'CharacterCardExportResult'.
src/services/character-card-exporter.ts(292,9): error TS2353: Object literal may only specify known properties, and 'customImage' does not exist in type 'PngWriterOptions'.
src/services/character-card-exporter.ts(311,9): error TS2353: Object literal may only specify known properties, and 'errors' does not exist in type 'CharacterCardExportResult'.
src/services/character-card-importer.ts(20,3): error TS6196: 'CharacterBookEntry' is declared but never used.
src/services/character-card-importer.ts(21,3): error TS6196: 'RegexScript' is declared but never used.
src/services/character-card-importer.ts(22,3): error TS6196: 'PromptConfig' is declared but never used.
src/services/character-card-importer.ts(40,11): error TS6198: All destructured elements are unused.
src/services/character-card-importer.ts(163,7): error TS2322: Type '{}' is not assignable to type 'string'.
src/services/character-card-importer.ts(164,7): error TS2322: Type 'unknown' is not assignable to type 'string | undefined'.
src/services/character-card-importer.ts(167,7): error TS2322: Type 'unknown' is not assignable to type 'string | undefined'.
src/services/knowledge-base.ts(14,3): error TS6196: 'KnowledgeExportOptions' is declared but never used.
src/services/knowledge-base.ts(75,7): error TS6133: 'overwrite' is declared but its value is never read.
src/services/knowledge-base.ts(76,7): error TS6133: 'merge' is declared but its value is never read.
src/services/knowledge-base.ts(80,25): error TS1361: 'KnowledgeCategory' cannot be used as a value because it was imported using 'import type'.
src/services/knowledge-base.ts(200,7): error TS18048: 'kb.metadata' is possibly 'undefined'.
src/services/knowledge-base.ts(201,7): error TS18048: 'kb.metadata' is possibly 'undefined'.
src/services/knowledge-base.ts(387,19): error TS1361: 'KnowledgeCategory' cannot be used as a value because it was imported using 'import type'.
src/services/knowledge-base.ts(477,14): error TS1361: 'KnowledgeCategory' cannot be used as a value because it was imported using 'import type'.
src/services/knowledge-base.ts(480,14): error TS1361: 'KnowledgeCategory' cannot be used as a value because it was imported using 'import type'.
src/services/knowledge-base.ts(483,14): error TS1361: 'KnowledgeCategory' cannot be used as a value because it was imported using 'import type'.
src/services/knowledge-base.ts(486,14): error TS1361: 'KnowledgeCategory' cannot be used as a value because it was imported using 'import type'.
src/services/knowledge-base.ts(489,14): error TS1361: 'KnowledgeCategory' cannot be used as a value because it was imported using 'import type'.
src/services/knowledge-base.ts(492,14): error TS1361: 'KnowledgeCategory' cannot be used as a value because it was imported using 'import type'.
src/services/knowledge-base.ts(495,14): error TS1361: 'KnowledgeCategory' cannot be used as a value because it was imported using 'import type'.
src/services/knowledge-base.ts(498,12): error TS1361: 'KnowledgeCategory' cannot be used as a value because it was imported using 'import type'.
src/services/png-parser.ts(338,24): error TS2345: Argument of type 'Uint8Array<ArrayBufferLike>' is not assignable to parameter of type 'BufferSource | undefined'.
  Type 'Uint8Array<ArrayBufferLike>' is not assignable to type 'ArrayBufferView<ArrayBuffer>'.
    Types of property 'buffer' are incompatible.
      Type 'ArrayBufferLike' is not assignable to type 'ArrayBuffer'.
        Type 'SharedArrayBuffer' is not assignable to type 'ArrayBuffer'.
          Types of property '[Symbol.toStringTag]' are incompatible.
            Type '"SharedArrayBuffer"' is not assignable to type '"ArrayBuffer"'.
src/services/regex-script.ts(170,49): error TS1361: 'RegexScriptPlacement' cannot be used as a value because it was imported using 'import type'.
src/services/regex-script.ts(210,7): error TS6133: 'format' is declared but its value is never read.
src/services/regex-script.ts(349,53): error TS6133: 'match' is declared but its value is never read.
src/services/regex-script.ts(352,60): error TS6133: 'str' is declared but its value is never read.
src/services/vector-service.ts(324,24): error TS6133: 'collection' is declared but its value is never read.
src/services/vector-service.ts(413,5): error TS6133: 'collection' is declared but its value is never read.
src/services/vector-service.ts(414,5): error TS6133: 'query' is declared but its value is never read.
src/services/vector-service.ts(415,5): error TS6133: 'options' is declared but its value is never read.
src/services/vector-service.ts(436,22): error TS6133: 'collection' is declared but its value is never read.
src/services/worldbook-exporter.ts(135,5): error TS2741: Property 'format' is missing in type '{}' but required in type 'PngExportOptions'.
src/services/worldbook-exporter.ts(205,5): error TS2741: Property 'format' is missing in type '{}' but required in type 'WorldbookExportOptions'.
src/services/worldbook-exporter.ts(244,5): error TS2741: Property 'format' is missing in type '{}' but required in type 'WorldbookExportOptions'.
src/services/worldbook-exporter.ts(278,5): error TS2741: Property 'format' is missing in type '{}' but required in type 'WorldbookExportOptions'.
src/services/worldbook-exporter.ts(290,31): error TS7016: Could not find a declaration file for module 'js-yaml'. 'E:/Projects/ai-novel-workshop/node_modules/js-yaml/dist/js-yaml.mjs' implicitly has an 'any' type.
  Try `npm i --save-dev @types/js-yaml` if it exists or add a new declaration (.d.ts) file containing `declare module 'js-yaml';`
src/services/worldbook-exporter.ts(324,5): error TS2741: Property 'format' is missing in type '{}' but required in type 'MarkdownExportOptions'.
src/services/worldbook-exporter.ts(611,11): error TS6133: 'padding' is declared but its value is never read.
src/services/worldbook-exporter.ts(643,11): error TS6133: 'base64Data' is declared but its value is never read.
src/services/worldbook-exporter.ts(738,5): error TS6133: 'worldbook' is declared but its value is never read.
src/services/worldbook-exporter.ts(902,3): error TS2741: Property 'format' is missing in type '{}' but required in type 'WorldbookExportOptions'.
src/services/worldbook-exporter.ts(913,3): error TS2741: Property 'format' is missing in type '{}' but required in type 'WorldbookExportOptions'.
src/services/worldbook-exporter.ts(924,3): error TS2741: Property 'format' is missing in type '{}' but required in type 'WorldbookExportOptions'.
src/services/worldbook-exporter.ts(935,3): error TS2741: Property 'format' is missing in type '{}' but required in type 'MarkdownExportOptions'.
src/services/worldbook-exporter.ts(946,3): error TS2741: Property 'format' is missing in type '{}' but required in type 'PngExportOptions'.
src/services/worldbook-importer.ts(15,3): error TS6196: 'ConflictResolution' is declared but never used.
src/services/worldbook-importer.ts(118,38): error TS2551: Property 'keys' does not exist on type 'WorldbookEntry'. Did you mean 'key'?
src/services/worldbook-importer.ts(136,29): error TS2345: Argument of type 'number' is not assignable to parameter of type 'string'.
src/services/worldbook-importer.ts(138,13): error TS2322: Type 'string' is not assignable to type 'number'.
src/services/worldbook-importer.ts(142,41): error TS2339: Property 'category' does not exist on type 'WorldbookEntry'.
src/services/worldbook-importer.ts(143,19): error TS2339: Property 'category' does not exist on type 'WorldbookEntry'.
src/services/worldbook-importer.ts(146,22): error TS2339: Property 'category' does not exist on type 'WorldbookEntry'.
src/services/worldbook-importer.ts(147,19): error TS2339: Property 'category' does not exist on type 'WorldbookEntry'.
src/services/worldbook-importer.ts(151,21): error TS2339: Property 'category' does not exist on type 'WorldbookEntry'.
src/services/worldbook-importer.ts(152,55): error TS2339: Property 'category' does not exist on type 'WorldbookEntry'.
src/services/worldbook-importer.ts(153,26): error TS2345: Argument of type 'number' is not assignable to parameter of type 'string'.
src/services/worldbook-importer.ts(154,39): error TS2339: Property 'category' does not exist on type 'WorldbookEntry'.
src/services/worldbook-importer.ts(159,19): error TS2339: Property 'enabled' does not exist on type 'WorldbookEntry'.
src/services/worldbook-importer.ts(171,15): error TS2353: Object literal may only specify known properties, and 'type' does not exist in type '{ entry?: WorldbookEntry | undefined; error: string; }'.
src/services/worldbook-importer.ts(184,13): error TS2353: Object literal may only specify known properties, and 'type' does not exist in type '{ entry?: WorldbookEntry | undefined; error: string; }'.
src/services/worldbook-importer.ts(198,34): error TS2339: Property 'description' does not exist on type 'Worldbook'.
src/services/worldbook-importer.ts(199,33): error TS2339: Property 'scan_depth' does not exist on type 'Worldbook'.
src/services/worldbook-importer.ts(200,35): error TS2339: Property 'token_budget' does not exist on type 'Worldbook'.
src/services/worldbook-importer.ts(201,41): error TS2339: Property 'recursive_scanning' does not exist on type 'Worldbook'.
src/services/worldbook-importer.ts(202,33): error TS2339: Property 'extensions' does not exist on type 'Worldbook'.
src/services/worldbook-importer.ts(207,9): error TS2322: Type '{ entry?: WorldbookEntry | undefined; error: string; }[] | undefined' is not assignable to type 'WorldbookImportError[] | undefined'.
  Type '{ entry?: WorldbookEntry | undefined; error: string; }[]' is not assignable to type 'WorldbookImportError[]'.
    Type '{ entry?: WorldbookEntry | undefined; error: string; }' is missing the following properties from type 'WorldbookImportError': type, message
src/services/worldbook-importer.ts(208,9): error TS2322: Type '{ entry?: WorldbookEntry | undefined; warning: string; }[] | undefined' is not assignable to type 'string[] | undefined'.
  Type '{ entry?: WorldbookEntry | undefined; warning: string; }[]' is not assignable to type 'string[]'.
    Type '{ entry?: WorldbookEntry | undefined; warning: string; }' is not assignable to type 'string'.
src/services/worldbook-importer.ts(216,9): error TS2353: Object literal may only specify known properties, and 'type' does not exist in type '{ entry?: WorldbookEntry | undefined; error: string; }'.
src/services/worldbook-importer.ts(223,9): error TS2322: Type '{ entry?: WorldbookEntry | undefined; error: string; }[]' is not assignable to type 'WorldbookImportError[]'.
  Type '{ entry?: WorldbookEntry | undefined; error: string; }' is missing the following properties from type 'WorldbookImportError': type, message
src/services/worldbook-importer.ts(299,26): error TS2339: Property 'character_book' does not exist on type '{ entries?: { [key: string]: unknown; uid?: string | undefined; keys?: string[] | undefined; secondary_keys?: string[] | undefined; content?: string | undefined; enabled?: boolean | undefined; insertion_order?: number | undefined; extensions?: Record<...> | undefined; }[] | undefined; ... 4 more ...; recursive_scann...'.
src/services/worldbook-importer.ts(303,31): error TS2339: Property 'character_book' does not exist on type '{ entries?: { [key: string]: unknown; uid?: string | undefined; keys?: string[] | undefined; secondary_keys?: string[] | undefined; content?: string | undefined; enabled?: boolean | undefined; insertion_order?: number | undefined; extensions?: Record<...> | undefined; }[] | undefined; ... 4 more ...; recursive_scann...'.
src/services/worldbook-importer.ts(310,9): error TS2304: Cannot find name 'logger'.
src/services/worldbook-importer.ts(316,13): error TS2820: Type '"character_card"' is not assignable to type '"sillytavern" | "tavernai" | "character_card_v3" | "novel_workshop" | undefined'. Did you mean '"character_card_v3"'?
src/services/worldbook-importer.ts(361,11): error TS2322: Type 'any[]' is not assignable to type 'Record<string, unknown>'.
  Index signature for type 'string' is missing in type 'any[]'.
src/services/worldbook-importer.ts(401,15): error TS2322: Type 'WorldbookEntry[]' is not assignable to type '{ [key: string]: unknown; uid?: string | undefined; keys?: string[] | undefined; secondary_keys?: string[] | undefined; content?: string | undefined; enabled?: boolean | undefined; insertion_order?: number | undefined; extensions?: Record<...> | undefined; }[]'.
  Type 'WorldbookEntry' is not assignable to type '{ [key: string]: unknown; uid?: string | undefined; keys?: string[] | undefined; secondary_keys?: string[] | undefined; content?: string | undefined; enabled?: boolean | undefined; insertion_order?: number | undefined; extensions?: Record<...> | undefined; }'.
    Types of property 'uid' are incompatible.
      Type 'number' is not assignable to type 'string'.
src/services/worldbook-importer.ts(423,38): error TS2881: This expression is never nullish.
src/services/worldbook-importer.ts(426,30): error TS2345: Argument of type '{ [key: string]: unknown; uid?: string | undefined; keys?: string[] | undefined; secondary_keys?: string[] | undefined; content?: string | undefined; enabled?: boolean | undefined; insertion_order?: number | undefined; extensions?: Record<...> | undefined; }' is not assignable to parameter of type 'Partial<WorldbookEntry>'.
  Types of property 'uid' are incompatible.
    Type 'string | undefined' is not assignable to type 'number | undefined'.
      Type 'string' is not assignable to type 'number'.
src/services/worldbook-importer.ts(427,38): error TS2345: Argument of type '{ [key: string]: unknown; uid?: string | undefined; keys?: string[] | undefined; secondary_keys?: string[] | undefined; content?: string | undefined; enabled?: boolean | undefined; insertion_order?: number | undefined; extensions?: Record<...> | undefined; }' is not assignable to parameter of type 'Partial<WorldbookEntry>'.
  Types of property 'uid' are incompatible.
    Type 'string | undefined' is not assignable to type 'number | undefined'.
      Type 'string' is not assignable to type 'number'.
src/services/worldbook-importer.ts(448,7): error TS2322: Type '{ uid: any; keys: any; secondary_keys: any; content: any; enabled: any; insertion_order: any; extensions: any; type: any; category: string; name: any; comment: any; position: "before_char" | "after_char" | "before_example" | "after_example" | undefined; ... 12 more ...; metadata: any; }[]' is not assignable to type 'WorldbookEntry[]'.
  Property 'key' is missing in type '{ uid: any; keys: any; secondary_keys: any; content: any; enabled: any; insertion_order: any; extensions: any; type: any; category: string; name: any; comment: any; position: WorldbookEntry["position"]; ... 12 more ...; metadata: any; }' but required in type 'WorldbookEntry'.
src/services/worldbook-importer.ts(454,29): error TS2339: Property 'extensions' does not exist on type '{ entries?: { [key: string]: unknown; uid?: string | undefined; keys?: string[] | undefined; secondary_keys?: string[] | undefined; content?: string | undefined; enabled?: boolean | undefined; insertion_order?: number | undefined; extensions?: Record<...> | undefined; }[] | undefined; ... 4 more ...; recursive_scann...'.
src/services/worldbook-importer.ts(461,69): error TS2339: Property 'type' does not exist on type 'WorldbookEntry'.
src/services/worldbook-importer.ts(463,25): error TS2551: Property 'keys' does not exist on type 'Partial<WorldbookEntry>'. Did you mean 'key'?
src/services/worldbook-importer.ts(463,41): error TS7006: Parameter 'k' implicitly has an 'any' type.
src/services/worldbook-importer.ts(466,19): error TS7006: Parameter 'k' implicitly has an 'any' type.
src/services/worldbook-importer.ts(485,24): error TS2339: Property 'type' does not exist on type 'Partial<WorldbookEntry>'.
src/services/worldbook-importer.ts(517,49): error TS2551: Property 'keys' does not exist on type 'WorldbookEntry'. Did you mean 'key'?
src/services/worldbook-importer.ts(517,67): error TS2551: Property 'keys' does not exist on type 'WorldbookEntry'. Did you mean 'key'?
src/services/worldbook-importer.ts(522,22): error TS2339: Property 'secondary_keys' does not exist on type 'WorldbookEntry'.
src/services/worldbook-importer.ts(523,22): error TS2339: Property 'secondary_keys' does not exist on type 'WorldbookEntry'.
src/services/worldbook-importer.ts(535,7): error TS2561: Object literal may only specify known properties, but 'keys' does not exist in type 'WorldbookEntry'. Did you mean to write 'key'?
src/services/worldbook-importer.ts(538,25): error TS2339: Property 'enabled' does not exist on type 'WorldbookEntry'.
src/services/worldbook-importer.ts(538,45): error TS2339: Property 'enabled' does not exist on type 'WorldbookEntry'.
src/services/worldbook-importer.ts(539,42): error TS2339: Property 'insertion_order' does not exist on type 'WorldbookEntry'.
src/services/worldbook-importer.ts(539,73): error TS2339: Property 'insertion_order' does not exist on type 'WorldbookEntry'.
src/services/worldbook-importer.ts(540,22): error TS2339: Property 'type' does not exist on type 'WorldbookEntry'.
src/services/worldbook-importer.ts(540,39): error TS2339: Property 'type' does not exist on type 'WorldbookEntry'.
src/services/worldbook-importer.ts(541,26): error TS2339: Property 'category' does not exist on type 'WorldbookEntry'.
src/services/worldbook-importer.ts(541,47): error TS2339: Property 'category' does not exist on type 'WorldbookEntry'.
src/services/worldbook-importer.ts(542,22): error TS2339: Property 'name' does not exist on type 'WorldbookEntry'.
src/services/worldbook-importer.ts(542,39): error TS2339: Property 'name' does not exist on type 'WorldbookEntry'.
src/services/worldbook-importer.ts(544,28): error TS2339: Property 'created_at' does not exist on type 'WorldbookEntry'.
src/services/worldbook-importer.ts(559,16): error TS2551: Property 'keys' does not exist on type 'WorldbookEntry'. Did you mean 'key'?
src/services/worldbook-importer.ts(559,30): error TS2551: Property 'keys' does not exist on type 'WorldbookEntry'. Did you mean 'key'?
src/services/worldbook-importer.ts(567,15): error TS2551: Property 'keys' does not exist on type 'WorldbookEntry'. Did you mean 'key'?
src/services/worldbook-importer.ts(567,25): error TS7006: Parameter 'key' implicitly has an 'any' type.
src/services/worldbook-importer.ts(811,34): error TS2339: Property 'worldbook' does not exist on type 'WorldbookImportResult'.
src/services/worldbook-importer.ts(812,27): error TS2339: Property 'stats' does not exist on type 'WorldbookImportResult'.
src/services/worldbook-importer.ts(813,30): error TS2339: Property 'stats' does not exist on type 'WorldbookImportResult'.
src/services/worldbook-importer.ts(814,29): error TS2339: Property 'stats' does not exist on type 'WorldbookImportResult'.
src/services/worldbook-importer.ts(815,32): error TS2339: Property 'stats' does not exist on type 'WorldbookImportResult'.
src/services/worldbook-importer.ts(816,28): error TS2339: Property 'stats' does not exist on type 'WorldbookImportResult'.
src/services/worldbook-importer.ts(819,22): error TS2345: Argument of type 'WorldbookImportError' is not assignable to parameter of type '{ entry?: WorldbookEntry | undefined; error: string; }'.
  Property 'error' is missing in type 'WorldbookImportError' but required in type '{ entry?: WorldbookEntry | undefined; error: string; }'.
src/services/worldbook-importer.ts(835,5): error TS2322: Type '{ entry?: WorldbookEntry | undefined; error: string; }[] | undefined' is not assignable to type 'WorldbookImportError[] | undefined'.
  Type '{ entry?: WorldbookEntry | undefined; error: string; }[]' is not assignable to type 'WorldbookImportError[]'.
    Type '{ entry?: WorldbookEntry | undefined; error: string; }' is missing the following properties from type 'WorldbookImportError': type, message
src/services/worldbook-importer.ts(857,30): error TS2339: Property 'description' does not exist on type 'Worldbook'.
src/services/worldbook-importer.ts(859,29): error TS2339: Property 'scan_depth' does not exist on type 'Worldbook'.
src/services/worldbook-importer.ts(860,31): error TS2339: Property 'token_budget' does not exist on type 'Worldbook'.
src/services/worldbook-importer.ts(861,37): error TS2339: Property 'recursive_scanning' does not exist on type 'Worldbook'.
src/services/worldbook-importer.ts(862,29): error TS2339: Property 'extensions' does not exist on type 'Worldbook'.
src/services/worldbook-injector.ts(215,7): error TS6133: 'MAX_SCAN_DEPTH' is declared but its value is never read.
src/services/worldbook-injector.ts(311,29): error TS2339: Property 'groups' does not exist on type 'Worldbook'.
src/services/worldbook-injector.ts(382,49): error TS2367: This comparison appears to be unintentional because the types 'string' and 'number' have no overlap.
src/services/worldbook-injector.ts(433,44): error TS2345: Argument of type 'number' is not assignable to parameter of type 'string'.
src/services/worldbook-injector.ts(438,17): error TS2339: Property 'enabled' does not exist on type 'WorldbookEntry'.
src/services/worldbook-injector.ts(443,9): error TS2322: Type 'string | number' is not assignable to type 'string'.
  Type 'number' is not assignable to type 'string'.
src/services/worldbook-injector.ts(444,26): error TS2339: Property 'name' does not exist on type 'WorldbookEntry'.
src/services/worldbook-injector.ts(444,40): error TS2551: Property 'keys' does not exist on type 'WorldbookEntry'. Did you mean 'key'?
src/services/worldbook-injector.ts(463,42): error TS2551: Property 'keys' does not exist on type 'WorldbookEntry'. Did you mean 'key'?
src/services/worldbook-injector.ts(463,54): error TS7006: Parameter 'key' implicitly has an 'any' type.
src/services/worldbook-injector.ts(505,13): error TS2339: Property 'keys' does not exist on type 'WorldbookEntry'.
src/services/worldbook-injector.ts(505,19): error TS2339: Property 'secondary_keys' does not exist on type 'WorldbookEntry'.
src/services/worldbook-injector.ts(510,36): error TS7006: Parameter 'key' implicitly has an 'any' type.
src/services/worldbook-injector.ts(518,36): error TS7006: Parameter 'key' implicitly has an 'any' type.
src/services/worldbook-injector.ts(525,22): error TS7006: Parameter 'key' implicitly has an 'any' type.
src/services/worldbook-injector.ts(798,11): error TS6133: 'filterByGroups' is declared but its value is never read.
src/services/worldbook-injector.ts(803,48): error TS2339: Property 'enabled' does not exist on type 'WorldbookGroup'.
src/services/worldbook-injector.ts(808,9): error TS2551: Property 'entryIds' does not exist on type 'WorldbookGroup'. Did you mean 'entries'?
src/services/worldbook-injector.ts(808,26): error TS7006: Parameter 'id' implicitly has an 'any' type.
src/services/worldbook-injector.ts(814,18): error TS2339: Property 'group' does not exist on type 'WorldbookEntry'.
src/services/worldbook-injector.ts(819,53): error TS2339: Property 'group' does not exist on type 'WorldbookEntry'.
src/services/worldbook-injector.ts(842,27): error TS2339: Property 'priority' does not exist on type 'WorldbookEntry'.
src/services/worldbook-injector.ts(843,27): error TS2339: Property 'priority' does not exist on type 'WorldbookEntry'.
src/services/worldbook-injector.ts(850,24): error TS2339: Property 'insertion_order' does not exist on type 'WorldbookEntry'.
src/services/worldbook-injector.ts(851,24): error TS2339: Property 'insertion_order' does not exist on type 'WorldbookEntry'.
src/services/worldbook-injector.ts(1025,46): error TS2367: This comparison appears to be unintentional because the types 'number' and 'string' have no overlap.
src/services/worldbook-injector.ts(1039,13): error TS2551: Property 'keys' does not exist on type 'WorldbookEntry'. Did you mean 'key'?
src/services/worldbook-injector.ts(1039,23): error TS7006: Parameter 'key' implicitly has an 'any' type.
src/services/worldbook-injector.ts(1040,15): error TS2339: Property 'case_sensitive' does not exist on type 'WorldbookEntry'.
src/services/worldbook-injector.ts(1050,42): error TS2339: Property 'type' does not exist on type 'WorldbookEntry'.
src/services/worldbook-injector.ts(1055,57): error TS2339: Property 'type' does not exist on type 'WorldbookEntry'.
src/services/worldbook-injector.ts(1066,57): error TS2339: Property 'category' does not exist on type 'WorldbookEntry'.
src/services/worldbook-injector.ts(1093,45): error TS2339: Property 'enabled' does not exist on type 'WorldbookEntry'.
src/services/worldbook-injector.ts(1094,30): error TS2339: Property 'groups' does not exist on type 'Worldbook'.
src/services/worldbook-injector.ts(1101,26): error TS2339: Property 'type' does not exist on type 'WorldbookEntry'.
src/services/worldbook-injector.ts(1107,17): error TS2339: Property 'category' does not exist on type 'WorldbookEntry'.
src/services/worldbook-injector.ts(1108,32): error TS2339: Property 'category' does not exist on type 'WorldbookEntry'.
src/services/worldbook-injector.ts(1108,68): error TS2339: Property 'category' does not exist on type 'WorldbookEntry'.
src/services/worldbook-injector.ts(1168,5): error TS2353: Object literal may only specify known properties, and 'description' does not exist in type 'Worldbook'.
src/services/worldbook-injector.ts(1175,38): error TS2551: Property 'keys' does not exist on type 'WorldbookEntry'. Did you mean 'key'?
src/services/worldbook-injector.ts(1183,41): error TS2339: Property 'updated_at' does not exist on type 'WorldbookEntry'.
src/services/worldbook-injector.ts(1183,64): error TS2339: Property 'created_at' does not exist on type 'WorldbookEntry'.
src/services/worldbook-injector.ts(1184,35): error TS2339: Property 'updated_at' does not exist on type 'WorldbookEntry'.
src/services/worldbook-injector.ts(1184,55): error TS2339: Property 'created_at' does not exist on type 'WorldbookEntry'.
src/services/worldbook-injector.ts(1201,13): error TS2339: Property 'updated_at' does not exist on type 'WorldbookEntry'.
src/stores/character-card.ts(251,13): error TS2322: Type 'string | undefined' is not assignable to type 'string'.
  Type 'undefined' is not assignable to type 'string'.
src/stores/character-card.ts(297,13): error TS2322: Type 'string | undefined' is not assignable to type 'string'.
  Type 'undefined' is not assignable to type 'string'.
src/stores/knowledge.ts(231,7): error TS2322: Type '0 | "before_char" | "after_char" | "before_example" | "after_example"' is not assignable to type '"before_char" | "after_char" | "before_example" | "after_example" | undefined'.
  Type '0' is not assignable to type '"before_char" | "after_char" | "before_example" | "after_example" | undefined'.
src/stores/knowledge.ts(239,7): error TS2322: Type '"custom" | KnowledgeCategory' is not assignable to type 'KnowledgeCategory'.
  Type '"custom"' is not assignable to type 'KnowledgeCategory'.
src/stores/knowledge.ts(277,7): error TS2322: Type '{ updatedAt: Date; createdAt?: Date | undefined; createdBy?: string; lastEditedBy?: string; reviewStatus?: "draft" | "pending" | "approved" | "rejected"; reviewedBy?: string; ... 6 more ...; attachments?: Array<{ name: string; url: string; type: string; size: number; }>; }' is not assignable to type 'KnowledgeMetadata'.
  Types of property 'createdAt' are incompatible.
    Type 'Date | undefined' is not assignable to type 'Date'.
      Type 'undefined' is not assignable to type 'Date'.
src/stores/plugin.ts(12,47): error TS6196: 'PluginStatus' is declared but never used.
src/stores/project-simple.ts(58,11): error TS2741: Property 'enableVectorRetrieval' is missing in type '{ preset: "standard"; planningModel: string; writingModel: string; checkingModel: string; planningDepth: "medium"; writingDepth: "standard"; enableQualityCheck: true; qualityThreshold: number; maxCostPerChapter: number; enableAISuggestions: true; providers: never[]; }' but required in type 'ProjectConfig'.
src/stores/suggestions.ts(16,3): error TS6196: 'DEFAULT_QUEUE_CONFIG' is declared but never used.
src/stores/vector.ts(12,3): error TS6133: 'getVectorService' is declared but its value is never read.
src/stores/vector.ts(24,11): error TS6196: 'VectorState' is declared but never used.
src/stores/vector.ts(533,36): error TS2304: Cannot find name 'VectorDocumentMetadata'.
src/stores/worldbook.ts(53,60): error TS2339: Property 'groups' does not exist on type '{ source?: "sillytavern" | "tavernai" | "character_card_v3" | "novel_workshop" | undefined; format?: "v1" | "v2" | "v3" | undefined; createdAt?: Date | undefined; updatedAt?: Date | undefined; ... 7 more ...; extensions?: Record<...> | undefined; }'.
src/stores/worldbook.ts(57,33): error TS2339: Property 'enabled' does not exist on type '{ uid: number; key: string[]; keysecondary?: string[] | undefined; content: string; comment?: string | undefined; constant?: boolean | undefined; selective?: boolean | undefined; order?: number | undefined; ... 8 more ...; novelWorkshop?: { ...; } | undefined; }'.
src/stores/worldbook.ts(78,41): error TS2339: Property 'entryType' does not exist on type '{ category?: string | undefined; tags?: string[] | undefined; createdAt?: Date | undefined; updatedAt?: Date | undefined; sourceType?: "manual" | "ai_generated" | "imported" | "merged" | undefined; ... 6 more ...; aiGenerated?: { ...; } | undefined; }'.
src/stores/worldbook.ts(382,35): error TS2339: Property 'groups' does not exist on type '{ source?: "sillytavern" | "tavernai" | "character_card_v3" | "novel_workshop" | undefined; format?: "v1" | "v2" | "v3" | undefined; createdAt?: Date | undefined; updatedAt?: Date | undefined; ... 7 more ...; extensions?: Record<...> | undefined; }'.
src/stores/worldbook.ts(383,32): error TS2339: Property 'groups' does not exist on type '{ source?: "sillytavern" | "tavernai" | "character_card_v3" | "novel_workshop" | undefined; format?: "v1" | "v2" | "v3" | undefined; createdAt?: Date | undefined; updatedAt?: Date | undefined; ... 7 more ...; extensions?: Record<...> | undefined; }'.
src/stores/worldbook.ts(390,7): error TS2353: Object literal may only specify known properties, and 'enabled' does not exist in type 'WorldbookGroup'.
src/stores/worldbook.ts(391,42): error TS2339: Property 'groups' does not exist on type '{ source?: "sillytavern" | "tavernai" | "character_card_v3" | "novel_workshop" | undefined; format?: "v1" | "v2" | "v3" | undefined; createdAt?: Date | undefined; updatedAt?: Date | undefined; ... 7 more ...; extensions?: Record<...> | undefined; }'.
src/stores/worldbook.ts(397,30): error TS2339: Property 'groups' does not exist on type '{ source?: "sillytavern" | "tavernai" | "character_card_v3" | "novel_workshop" | undefined; format?: "v1" | "v2" | "v3" | undefined; createdAt?: Date | undefined; updatedAt?: Date | undefined; ... 7 more ...; extensions?: Record<...> | undefined; }'.
src/stores/worldbook.ts(413,56): error TS2339: Property 'groups' does not exist on type '{ source?: "sillytavern" | "tavernai" | "character_card_v3" | "novel_workshop" | undefined; format?: "v1" | "v2" | "v3" | undefined; createdAt?: Date | undefined; updatedAt?: Date | undefined; ... 7 more ...; extensions?: Record<...> | undefined; }'.
src/stores/worldbook.ts(417,44): error TS2339: Property 'groups' does not exist on type '{ source?: "sillytavern" | "tavernai" | "character_card_v3" | "novel_workshop" | undefined; format?: "v1" | "v2" | "v3" | undefined; createdAt?: Date | undefined; updatedAt?: Date | undefined; ... 7 more ...; extensions?: Record<...> | undefined; }'.
src/stores/worldbook.ts(417,61): error TS7006: Parameter 'g' implicitly has an 'any' type.
src/stores/worldbook.ts(424,35): error TS2339: Property 'groups' does not exist on type '{ source?: "sillytavern" | "tavernai" | "character_card_v3" | "novel_workshop" | undefined; format?: "v1" | "v2" | "v3" | undefined; createdAt?: Date | undefined; updatedAt?: Date | undefined; ... 7 more ...; extensions?: Record<...> | undefined; }'.
src/stores/worldbook.ts(429,30): error TS2339: Property 'groups' does not exist on type '{ source?: "sillytavern" | "tavernai" | "character_card_v3" | "novel_workshop" | undefined; format?: "v1" | "v2" | "v3" | undefined; createdAt?: Date | undefined; updatedAt?: Date | undefined; ... 7 more ...; extensions?: Record<...> | undefined; }'.
src/stores/worldbook.ts(442,56): error TS2339: Property 'groups' does not exist on type '{ source?: "sillytavern" | "tavernai" | "character_card_v3" | "novel_workshop" | undefined; format?: "v1" | "v2" | "v3" | undefined; createdAt?: Date | undefined; updatedAt?: Date | undefined; ... 7 more ...; extensions?: Record<...> | undefined; }'.
src/stores/worldbook.ts(446,44): error TS2339: Property 'groups' does not exist on type '{ source?: "sillytavern" | "tavernai" | "character_card_v3" | "novel_workshop" | undefined; format?: "v1" | "v2" | "v3" | undefined; createdAt?: Date | undefined; updatedAt?: Date | undefined; ... 7 more ...; extensions?: Record<...> | undefined; }'.
src/stores/worldbook.ts(446,61): error TS7006: Parameter 'g' implicitly has an 'any' type.
src/stores/worldbook.ts(452,30): error TS2339: Property 'groups' does not exist on type '{ source?: "sillytavern" | "tavernai" | "character_card_v3" | "novel_workshop" | undefined; format?: "v1" | "v2" | "v3" | undefined; createdAt?: Date | undefined; updatedAt?: Date | undefined; ... 7 more ...; extensions?: Record<...> | undefined; }'.
src/stores/worldbook.ts(484,7): error TS2353: Object literal may only specify known properties, and 'context' does not exist in type 'InjectionContext'.
src/stores/worldbook.ts(598,40): error TS2551: Property 'keys' does not exist on type '{ uid: number; key: string[]; keysecondary?: string[] | undefined; content: string; comment?: string | undefined; constant?: boolean | undefined; selective?: boolean | undefined; order?: number | undefined; ... 8 more ...; novelWorkshop?: { ...; } | undefined; }'. Did you mean 'key'?
src/stores/worldbook.ts(607,35): error TS2551: Property 'keys' does not exist on type 'WorldbookEntry'. Did you mean 'key'?
src/stores/worldbook.ts(622,64): error TS2551: Property 'keys' does not exist on type 'WorldbookEntry'. Did you mean 'key'?
src/stores/worldbook.ts(630,35): error TS2551: Property 'keys' does not exist on type '{ uid: number; key: string[]; keysecondary?: string[] | undefined; content: string; comment?: string | undefined; constant?: boolean | undefined; selective?: boolean | undefined; order?: number | undefined; ... 8 more ...; novelWorkshop?: { ...; } | undefined; }'. Did you mean 'key'?
src/stores/worldbook.ts(644,40): error TS2551: Property 'keys' does not exist on type '{ uid: number; key: string[]; keysecondary?: string[] | undefined; content: string; comment?: string | undefined; constant?: boolean | undefined; selective?: boolean | undefined; order?: number | undefined; ... 8 more ...; novelWorkshop?: { ...; } | undefined; }'. Did you mean 'key'?
src/stores/worldbook.ts(653,35): error TS2551: Property 'keys' does not exist on type 'WorldbookEntry'. Did you mean 'key'?
src/stores/worldbook.ts(692,36): error TS2551: Property 'keys' does not exist on type 'WorldbookEntry'. Did you mean 'key'?
src/utils/aiAnalyzer.ts(7,1): error TS6133: 'ExtractedWorldInfo' is declared but its value is never read.
src/utils/aiAnalyzer.ts(8,1): error TS6133: 'GeneratedOutline' is declared but its value is never read.
src/utils/aiAnalyzer.ts(98,5): error TS2322: Type 'undefined' is not assignable to type '{ role: string; content: string; }[]'.
src/utils/aiAnalyzer.ts(99,10): error TS2339: Property 'system' does not exist on type '{ model: string | undefined; max_tokens: number; messages: { role: string; content: string; }[]; }'.
src/utils/aiAnalyzer.ts(100,10): error TS2339: Property 'prompt' does not exist on type '{ model: string | undefined; max_tokens: number; messages: { role: string; content: string; }[]; }'.
src/utils/aiAnalyzer.ts(107,14): error TS2367: This comparison appears to be unintentional because the types '"local"' and '"custom"' have no overlap.
src/utils/aiAnalyzer.ts(346,23): error TS2339: Property 'relationships' does not exist on type 'ExtractedCharacter'.
src/utils/aiAnalyzer.ts(347,20): error TS2339: Property 'relationships' does not exist on type 'ExtractedCharacter'.
src/utils/aiAnalyzer.ts(349,18): error TS2339: Property 'relationships' does not exist on type 'ExtractedCharacter'.
src/utils/aiAnalyzer.ts(365,9): error TS2353: Object literal may only specify known properties, and 'relationships' does not exist in type 'ExtractedCharacter'.
src/utils/builtInTemplates.ts(83,67): error TS2353: Object literal may only specify known properties, and 'level' does not exist in type 'Skill'.
src/utils/builtInTemplates.ts(84,67): error TS2353: Object literal may only specify known properties, and 'level' does not exist in type 'Skill'.
src/utils/builtInTemplates.ts(85,65): error TS2353: Object literal may only specify known properties, and 'level' does not exist in type 'Skill'.
src/utils/builtInTemplates.ts(600,64): error TS2353: Object literal may only specify known properties, and 'level' does not exist in type 'Skill'.
src/utils/builtInTemplates.ts(601,61): error TS2353: Object literal may only specify known properties, and 'level' does not exist in type 'Skill'.
src/utils/builtInTemplates.ts(602,61): error TS2353: Object literal may only specify known properties, and 'level' does not exist in type 'Skill'.
src/utils/characterExtractor.ts(103,61): error TS6133: 'context' is declared but its value is never read.
src/utils/characterExtractor.ts(220,10): error TS6133: 'fallbackRegexExtraction' is declared but its value is never read.
src/utils/conflictDetector.ts(17,3): error TS6196: 'ConflictEvidence' is declared but never used.
src/utils/conflictDetector.ts(18,3): error TS6196: 'ConflictFixSuggestion' is declared but never used.
src/utils/conflictDetector.ts(20,3): error TS6196: 'ConflictSeverity' is declared but never used.
src/utils/conflictDetector.ts(21,3): error TS6196: 'CharacterConflictData' is declared but never used.
src/utils/conflictDetector.ts(22,3): error TS6196: 'TimelineConflictData' is declared but never used.
src/utils/conflictDetector.ts(23,3): error TS6196: 'WorldConflictData' is declared but never used.
src/utils/conflictDetector.ts(24,3): error TS6196: 'PlotLogicConflictData' is declared but never used.
src/utils/conflictDetector.ts(150,11): error TS6133: 'basePersonalities' is declared but its value is never read.
src/utils/conflictDetector.ts(529,5): error TS6133: 'chapters' is declared but its value is never read.
src/utils/conflictDetector.ts(534,16): error TS6133: 'rule' is declared but its value is never read.
src/utils/continuationSuggester.ts(147,3): error TS6133: 'worldSetting' is declared but its value is never read.
src/utils/continuationSuggester.ts(269,37): error TS2339: Property 'summary' does not exist on type 'ChapterOutline'.
src/utils/continuationSuggester.ts(290,3): error TS6133: 'previousChapters' is declared but its value is never read.
src/utils/embeddings.ts(208,19): error TS6133: 'text' is declared but its value is never read.
src/utils/errorDiagnostics.ts(241,59): error TS6133: 'context' is declared but its value is never read.
src/utils/errorDiagnostics.ts(268,33): error TS6133: 'errorMessage' is declared but its value is never read.
src/utils/errorDiagnostics.ts(268,55): error TS6133: 'context' is declared but its value is never read.
src/utils/errorDiagnostics.ts(304,32): error TS6133: 'errorMessage' is declared but its value is never read.
src/utils/errorDiagnostics.ts(304,54): error TS6133: 'context' is declared but its value is never read.
src/utils/errorDiagnostics.ts(333,31): error TS6133: 'errorMessage' is declared but its value is never read.
src/utils/llm/analyzer.ts(13,3): error TS6196: 'LLMRelationship' is declared but never used.
src/utils/llm/analyzer.ts(14,3): error TS6196: 'LLMWorldSetting' is declared but never used.
src/utils/llm/analyzer.ts(15,3): error TS6196: 'LLMOutline' is declared but never used.
src/utils/llm/analyzer.ts(32,42): error TS1361: 'DEFAULT_QUICK_MODE_SAMPLING' cannot be used as a value because it was imported using 'import type'.
src/utils/llm/analyzer.ts(39,9): error TS6133: 'cache' is declared but its value is never read.
src/utils/llm/analyzer.ts(83,7): error TS2345: Argument of type 'LLMChapter[]' is not assignable to parameter of type '{ number: number; content: string; }[]'.
  Type 'LLMChapter' is not assignable to type '{ number: number; content: string; }'.
    Types of property 'content' are incompatible.
      Type 'string | undefined' is not assignable to type 'string'.
        Type 'undefined' is not assignable to type 'string'.
src/utils/llm/analyzer.ts(109,7): error TS2345: Argument of type 'LLMChapter[]' is not assignable to parameter of type '{ number: number; content: string; }[]'.
  Type 'LLMChapter' is not assignable to type '{ number: number; content: string; }'.
    Types of property 'content' are incompatible.
      Type 'string | undefined' is not assignable to type 'string'.
        Type 'undefined' is not assignable to type 'string'.
src/utils/llm/analyzer.ts(134,7): error TS2345: Argument of type 'LLMChapter[]' is not assignable to parameter of type '{ number: number; title: string; content: string; }[]'.
  Type 'LLMChapter' is not assignable to type '{ number: number; title: string; content: string; }'.
    Types of property 'content' are incompatible.
      Type 'string | undefined' is not assignable to type 'string'.
        Type 'undefined' is not assignable to type 'string'.
src/utils/llm/analyzer.ts(229,3): error TS6133: 'characters' is declared but its value is never read.
src/utils/llm/cacheManager.ts(7,44): error TS6196: 'LLMAnalysisResult' is declared but never used.
src/utils/llm/cacheManager.ts(68,5): error TS2322: Type '{ result: any; timestamp: number; }' is not assignable to type 'LLMAnalysisResult & { result: any; timestamp: number; } & { result: any; timestamp: number; } & { result: any; timestamp: number; } & { result: any; timestamp: number; }'.
  Type '{ result: any; timestamp: number; }' is missing the following properties from type 'LLMAnalysisResult': mode, chapters, chapterPattern, characters, and 5 more.
src/utils/llm/chapterDetector.ts(9,57): error TS6133: 'getChapterValidationPrompt' is declared but its value is never read.
src/utils/llm/characterExtractor.ts(8,1): error TS6133: 'selectRepresentativeChapters' is declared but its value is never read.
src/utils/llm/characterExtractor.ts(15,3): error TS6133: 'text' is declared but its value is never read.
src/utils/llm/worldExtractor.ts(15,3): error TS6133: 'text' is declared but its value is never read.
src/utils/mapExporter.ts(5,45): error TS6196: 'MapRoute' is declared but never used.
src/utils/mapExporter.ts(103,3): error TS6133: 'mapData' is declared but its value is never read.
src/utils/novelImporter.ts(8,10): error TS6133: 'parseChapters' is declared but its value is never read.
src/utils/novelImporter.ts(13,8): error TS6133: 'ExtractedCharacter' is declared but its value is never read.
src/utils/novelImporter.ts(31,3): error TS6133: 'aiAnalyzeWorld' is declared but its value is never read.
src/utils/novelImporter.ts(32,3): error TS6133: 'aiGenerateOutline' is declared but its value is never read.
src/utils/novelImporter.ts(35,3): error TS6133: 'DEFAULT_AI_CONFIG' is declared but its value is never read.
src/utils/novelImporter.ts(75,10): error TS6133: 'getStoredAPIKey' is declared but its value is never read.
src/utils/novelImporter.ts(169,37): error TS6133: 'pattern' is declared but its value is never read.
src/utils/novelImporter.ts(214,29): error TS2339: Property 'aiProvider' does not exist on type 'ImportOptions'.
src/utils/novelImporter.ts(215,27): error TS2339: Property 'aiApiKey' does not exist on type 'ImportOptions'.
src/utils/novelImporter.ts(244,26): error TS2339: Property 'relationships' does not exist on type 'ExtractedCharacter'.
src/utils/novelImporter.ts(244,45): error TS2339: Property 'relationships' does not exist on type 'ExtractedCharacter'.
src/utils/novelImporter.ts(245,27): error TS2339: Property 'relationships' does not exist on type 'ExtractedCharacter'.
src/utils/novelImporter.ts(245,46): error TS7006: Parameter 'r' implicitly has an 'any' type.
src/utils/novelImporter.ts(255,9): error TS2304: Cannot find name 'ElMessage'.
src/utils/novelImporter.ts(318,5): error TS2739: Type 'WorldSetting' is missing the following properties from type '{ name: string; description: string; era: { time: string; techLevel: string; socialForm: string; }; locations: never[]; powerSystem: undefined; rules: never[]; customs: never[]; factions: never[]; }': description, locations, customs
src/utils/novelImporter.ts(353,5): error TS2322: Type 'GeneratedOutline' is not assignable to type '{ structure: string; totalChapters: number; description: string; volumes: { number: number; title: string; theme: string; chapterRange: { start: number; end: number; }; mainEvents: never[]; }[]; chapters: any[]; }'.
  Types of property 'volumes' are incompatible.
    Type 'Volume[]' is not assignable to type '{ number: number; title: string; theme: string; chapterRange: { start: number; end: number; }; mainEvents: never[]; }[]'.
      Property 'chapterRange' is missing in type 'Volume' but required in type '{ number: number; title: string; theme: string; chapterRange: { start: number; end: number; }; mainEvents: never[]; }'.
src/utils/novelImporter.ts(371,24): error TS2339: Property 'description' does not exist on type 'Partial<Character>'.
src/utils/novelImporter.ts(399,9): error TS2322: Type '{ id: string; number: number; title: string; content: string; wordCount: number; status: "published"; createdAt: string; updatedAt: string; }[]' is not assignable to type 'Chapter[]'.
  Type '{ id: string; number: number; title: string; content: string; wordCount: number; status: "published"; createdAt: string; updatedAt: string; }' is missing the following properties from type 'Chapter': outline, generatedBy, generationTime, checkpoints
src/utils/novelImporter.ts(399,59): error TS6133: 'index' is declared but its value is never read.
src/utils/novelImporter.ts(411,9): error TS2322: Type '{ id: string; name: string; aliases: string[]; description: any; background: string; personality: string[]; appearance: string; motivation: string; tags: CharacterTag[]; appearances: never[]; relationships: { ...; }[]; notes: any; createdAt: string; updatedAt: string; }[]' is not assignable to type 'Character[]'.
  Type '{ id: string; name: string; aliases: string[]; description: any; background: string; personality: string[]; appearance: string; motivation: string; tags: CharacterTag[]; appearances: never[]; relationships: { ...; }[]; notes: any; createdAt: string; updatedAt: string; }' is missing the following properties from type 'Character': gender, age, values, abilities, and 3 more.
src/utils/novelImporter.ts(415,23): error TS2339: Property 'description' does not exist on type 'Partial<Character>'.
src/utils/novelImporter.ts(429,17): error TS2339: Property 'notes' does not exist on type 'Partial<Character>'.
src/utils/novelImporter.ts(436,24): error TS2345: Argument of type '{ structure: string; totalChapters: number; description: string; volumes: { number: number; title: string; theme: string; chapterRange: { start: number; end: number; }; mainEvents: never[]; }[]; chapters: any[]; }' is not assignable to parameter of type 'GeneratedOutline'.
  Types of property 'volumes' are incompatible.
    Type '{ number: number; title: string; theme: string; chapterRange: { start: number; end: number; }; mainEvents: never[]; }[]' is not assignable to type 'Volume[]'.
      Type '{ number: number; title: string; theme: string; chapterRange: { start: number; end: number; }; mainEvents: never[]; }' is missing the following properties from type 'Volume': id, startChapter, endChapter
src/utils/novelImporter.ts(477,5): error TS2322: Type 'Outline | { structure: string; totalChapters: number; description: string; volumes: { number: number; title: string; theme: string; chapterRange: { start: number; end: number; }; mainEvents: never[]; }[]; chapters: { ...; }[]; }' is not assignable to type 'Outline | undefined'.
  Type '{ structure: string; totalChapters: number; description: string; volumes: { number: number; title: string; theme: string; chapterRange: { start: number; end: number; }; mainEvents: never[]; }[]; chapters: { ...; }[]; }' is missing the following properties from type 'Outline': id, synopsis, theme, mainPlot, and 2 more.
src/utils/novelImporter.ts(484,5): error TS2322: Type 'string' is not assignable to type 'Date'.
src/utils/novelImporter.ts(485,5): error TS2322: Type 'string' is not assignable to type 'Date'.
src/utils/novelImporter.ts(489,7): error TS7034: Variable 'continuationSuggestions' implicitly has type 'any[]' in some locations where its type cannot be determined.
src/utils/novelImporter.ts(502,7): error TS2345: Argument of type 'Outline | { structure: string; totalChapters: number; description: string; volumes: { number: number; title: string; theme: string; chapterRange: { start: number; end: number; }; mainEvents: never[]; }[]; chapters: { ...; }[]; }' is not assignable to parameter of type 'Outline | undefined'.
  Type '{ structure: string; totalChapters: number; description: string; volumes: { number: number; title: string; theme: string; chapterRange: { start: number; end: number; }; mainEvents: never[]; }[]; chapters: { ...; }[]; }' is missing the following properties from type 'Outline': id, synopsis, theme, mainPlot, and 2 more.
src/utils/novelImporter.ts(516,5): error TS7005: Variable 'continuationSuggestions' implicitly has an 'any[]' type.
src/utils/novelImporter.ts(531,5): error TS2559: Type 'ImportResult' has no properties in common with type 'Partial<Project>'.
src/utils/novelImporter.ts(561,3): error TS2559: Type 'ImportResult' has no properties in common with type 'Partial<Project>'.
src/utils/novelImporter.ts(581,31): error TS2339: Property 'author' does not exist on type 'Project'.
src/utils/outlineGenerator.ts(151,7): error TS2353: Object literal may only specify known properties, and 'chapterRange' does not exist in type 'Volume'.
src/utils/outlineGenerator.ts(170,9): error TS2353: Object literal may only specify known properties, and 'chapterRange' does not exist in type 'Volume'.
src/utils/outlineGenerator.ts(204,15): error TS2353: Object literal may only specify known properties, and 'chapterRange' does not exist in type 'Volume'.
src/utils/outlineGenerator.ts(224,7): error TS2353: Object literal may only specify known properties, and 'chapterRange' does not exist in type 'Volume'.
src/utils/outlineGenerator.ts(283,7): error TS2353: Object literal may only specify known properties, and 'summary' does not exist in type 'ChapterOutline'.
src/utils/outlineGenerator.ts(306,33): error TS2339: Property 'chapterRange' does not exist on type 'Volume'.
src/utils/outlineGenerator.ts(306,75): error TS2339: Property 'chapterRange' does not exist on type 'Volume'.
src/utils/outlineGenerator.ts(335,5): error TS2353: Object literal may only specify known properties, and 'structure' does not exist in type 'Outline'.
src/utils/pdfExporter.ts(430,29): error TS6133: 'project' is declared but its value is never read.
src/utils/pdfExporter.ts(529,40): error TS6133: 'title' is declared but its value is never read.
src/utils/qualityAnalyzer.ts(170,9): error TS6133: 'terms' is declared but its value is never read.
src/utils/qualityAnalyzer.ts(248,3): error TS6133: 'chapters' is declared but its value is never read.
src/utils/qualityChecker.ts(92,11): error TS6133: 'outline' is declared but its value is never read.
src/utils/qualityChecker.ts(187,60): error TS6133: 'progress' is declared but its value is never read.
src/utils/qualityChecker.ts(561,17): error TS6133: 'appearanceKeywords' is declared but its value is never read.
src/utils/relationExtractor.ts(6,35): error TS6196: 'Relationship' is declared but never used.
src/utils/reportExporter.ts(108,28): error TS6133: 'index' is declared but its value is never read.
src/utils/tableExporter.ts(493,22): error TS6133: 'value' is declared but its value is never read.
src/utils/tableHistory.ts(36,11): error TS6133: 'enableAutoSave' is declared but its value is never read.
src/utils/tableHistory.ts(79,8): error TS6133: 'memory' is declared but its value is never read.
src/utils/tableHistory.ts(99,8): error TS6133: 'memory' is declared but its value is never read.
src/utils/tableMemory.ts(11,33): error TS6196: 'Character' is declared but never used.
src/utils/tableMemory.ts(85,22): error TS6133: 'value' is declared but its value is never read.
src/utils/templateManager.ts(2,73): error TS6196: 'Volume' is declared but never used.
src/utils/templateManager.ts(107,9): error TS2322: Type 'string' is not assignable to type 'TemplateCategory'.
src/utils/templateManager.ts(208,11): error TS2322: Type '{ id: string; name: string; aliases: string[]; gender: "other" | "male" | "female"; age: number; appearance: string; personality: string[]; values: string[]; background: string; motivation: string; abilities: Ability[]; ... 4 more ...; aiGenerated: false; }[]' is not assignable to type 'Character[]'.
  Type '{ id: string; name: string; aliases: string[]; gender: "other" | "male" | "female"; age: number; appearance: string; personality: string[]; values: string[]; background: string; motivation: string; abilities: Ability[]; ... 4 more ...; aiGenerated: false; }' is missing the following properties from type 'Character': tags, stateHistory
src/utils/templateManager.ts(264,7): error TS2741: Property 'enableVectorRetrieval' is missing in type '{ preset: "quality" | "fast" | "standard"; providers: ModelProvider[]; planningModel: string; writingModel: string; checkingModel: string; systemPrompts: SystemPrompts | undefined; ... 5 more ...; enableAISuggestions: boolean; }' but required in type 'ProjectConfig'.
src/utils/timelineExtractor.ts(6,42): error TS6196: 'Volume' is declared but never used.
src/utils/timelineExtractor.ts(6,50): error TS6196: 'ChapterOutline' is declared but never used.
src/utils/timelineExtractor.ts(6,66): error TS6196: 'Foreshadowing' is declared but never used.
src/utils/vectorService.ts(14,10): error TS6133: 'createVectorStore' is declared but its value is never read.
src/utils/vectorService.ts(572,47): error TS6133: 'project' is declared but its value is never read.
src/utils/vectorStore.ts(19,11): error TS6133: 'dimension' is declared but its value is never read.
src/utils/vectorStore.ts(73,15): error TS6133: 'id' is declared but its value is never read.
src/utils/vectorStore.ts(115,5): error TS6133: 'query' is declared but its value is never read.
src/utils/vectorStore.ts(161,21): error TS6133: 'data' is declared but its value is never read.
src/utils/worldbook-migration.ts(23,3): error TS6196: 'WorldbookCondition' is declared but never used.
src/utils/worldbook-migration.ts(1031,11): error TS6133: 'keywords' is declared but its value is never read.
src/utils/worldbook-migration.ts(1369,9): error TS6133: 'allEntries' is declared but its value is never read.
src/utils/worldExtractor.ts(85,27): error TS6133: 'text' is declared but its value is never read.
src/utils/worldExtractor.ts(181,26): error TS6133: 'text' is declared but its value is never read.
src/utils/worldExtractor.ts(279,7): error TS2322: Type '{ name: string; description: string; levels: { name: string; description: string; abilities: never[]; }[]; } | undefined' is not assignable to type 'PowerSystemSetting | undefined'.
  Object literal may only specify known properties, and 'description' does not exist in type 'PowerSystemSetting'.
src/views/ProjectEditor.vue(203,177): error TS6133: 'Search' is declared but its value is never read.
src/views/ProjectList.vue(189,81): error TS2339: Property 'world' does not exist on type '{ meta: { id: string; name: string; version: string; author: string; description: string; tags: string[]; category: TemplateCategory; createdAt: Date; updatedAt: Date; rating?: number | undefined; downloads?: number | undefined; }; ... 6 more ...; exampleChapters?: { ...; }[] | undefined; }'.
src/views/ProjectList.vue(190,73): error TS2339: Property 'characters' does not exist on type '{ meta: { id: string; name: string; version: string; author: string; description: string; tags: string[]; category: TemplateCategory; createdAt: Date; updatedAt: Date; rating?: number | undefined; downloads?: number | undefined; }; ... 6 more ...; exampleChapters?: { ...; }[] | undefined; }'.
src/views/ProjectList.vue(251,1): error TS6133: 'templateManager' is declared but its value is never read.
src/views/ProjectList.vue(437,68): error TS2339: Property 'world' does not exist on type '{ meta: { id: string; name: string; version: string; author: string; description: string; tags: string[]; category: TemplateCategory; createdAt: Date; updatedAt: Date; rating?: number | undefined; downloads?: number | undefined; }; ... 6 more ...; exampleChapters?: { ...; }[] | undefined; }'.
src/views/ProjectList.vue(443,73): error TS2339: Property 'characters' does not exist on type '{ meta: { id: string; name: string; version: string; author: string; description: string; tags: string[]; category: TemplateCategory; createdAt: Date; updatedAt: Date; rating?: number | undefined; downloads?: number | undefined; }; ... 6 more ...; exampleChapters?: { ...; }[] | undefined; }'.
src/views/ProjectList.vue(450,70): error TS2339: Property 'outline' does not exist on type '{ meta: { id: string; name: string; version: string; author: string; description: string; tags: string[]; category: TemplateCategory; createdAt: Date; updatedAt: Date; rating?: number | undefined; downloads?: number | undefined; }; ... 6 more ...; exampleChapters?: { ...; }[] | undefined; }'.
